 addon

 Timestamp is 5b643ef9 (Fri Aug  3 13:39:37 2018)

 Preferred load address is 0000000180000000

 Start         Length     Name                   Class
 0001:00000000 0000cdc0H .text$mn                CODE
 0001:0000cdc0 00000020H .text$mn$00             CODE
 0001:0000cde0 000003d0H .text$x                 CODE
 0002:00000000 00000278H .idata$5                DATA
 0002:00000278 00000010H .00cfg                  DATA
 0002:00000288 00000008H .CRT$XCA                DATA
 0002:00000290 00000008H .CRT$XCU                DATA
 0002:00000298 00000008H .CRT$XCZ                DATA
 0002:000002a0 00000008H .CRT$XIA                DATA
 0002:000002a8 00000018H .CRT$XIC                DATA
 0002:000002c0 00000008H .CRT$XIZ                DATA
 0002:000002c8 00000008H .CRT$XPA                DATA
 0002:000002d0 00000010H .CRT$XPX                DATA
 0002:000002e0 00000008H .CRT$XPXA               DATA
 0002:000002e8 00000008H .CRT$XPZ                DATA
 0002:000002f0 00000008H .CRT$XTA                DATA
 0002:000002f8 00000008H .CRT$XTZ                DATA
 0002:00000300 00000000H .gfids$y                DATA
 0002:00000300 000071c0H .rdata                  DATA
 0002:000074c0 0000016cH .rdata$r                DATA
 0002:0000762c 00000334H .rdata$zzzdbg           DATA
 0002:00007960 00000008H .rtc$IAA                DATA
 0002:00007968 00000008H .rtc$IZZ                DATA
 0002:00007970 00000008H .rtc$TAA                DATA
 0002:00007978 00000008H .rtc$TZZ                DATA
 0002:00007980 00000d38H .xdata                  DATA
 0002:000086b8 00000088H .xdata$x                DATA
 0002:00008740 00000050H .edata                  DATA
 0002:00008790 00000028H .idata$2                DATA
 0002:000087b8 00000018H .idata$3                DATA
 0002:000087d0 00000278H .idata$4                DATA
 0002:00008a48 0000077aH .idata$6                DATA
 0003:00000000 00000910H .data                   DATA
 0003:00000910 00000070H .data$r                 DATA
 0003:00000980 000011c8H .bss                    DATA
 0004:00000000 00000f60H .pdata                  DATA
 0005:00000000 00000060H .rsrc$01                DATA
 0005:00000060 00000180H .rsrc$02                DATA

  Address         Publics by Value              Rva+Base               Lib:Object

 0000:00000000       __guard_iat_count          0000000000000000     <absolute>
 0000:00000000       __dynamic_value_reloc_table 0000000000000000     <absolute>
 0000:00000000       __hybrid_code_map          0000000000000000     <absolute>
 0000:00000000       __hybrid_code_map_count    0000000000000000     <absolute>
 0000:00000000       __guard_iat_table          0000000000000000     <absolute>
 0000:00000000       __hybrid_auxiliary_iat     0000000000000000     <absolute>
 0000:00000000       __guard_longjmp_table      0000000000000000     <absolute>
 0000:00000000       __guard_longjmp_count      0000000000000000     <absolute>
 0000:00000000       __guard_fids_count         0000000000000000     <absolute>
 0000:00000000       __enclave_config           0000000000000000     <absolute>
 0000:00000000       ___safe_se_handler_table   0000000000000000     <absolute>
 0000:00000000       ___safe_se_handler_count   0000000000000000     <absolute>
 0000:00000000       __guard_fids_table         0000000000000000     <absolute>
 0000:00000100       __guard_flags              0000000000000100     <absolute>
 0000:00000000       __ImageBase                0000000180000000     <linker-defined>
 0001:00000000       ?Method@demo@@YAXAEBV?$FunctionCallbackInfo@VValue@v8@@@v8@@@Z 0000000180001000 f   hello.obj
 0001:00000050       ?init@demo@@YAXV?$Local@VObject@v8@@@v8@@@Z 0000000180001050 f   hello.obj
 0001:00000130       __security_check_cookie    0000000180001130 f   LIBCMT:_amdsecgs_.obj
 0001:00000474       _DllMainCRTStartup         0000000180001474 f   LIBCMT:dll_dllmain.obj
 0001:000004b4       __raise_securityfailure    00000001800014b4 f   LIBCMT:gs_report.obj
 0001:000004e8       __report_gsfailure         00000001800014e8 f   LIBCMT:gs_report.obj
 0001:000005bc       __report_rangecheckfailure 00000001800015bc f   LIBCMT:gs_report.obj
 0001:000005d0       __report_securityfailure   00000001800015d0 f   LIBCMT:gs_report.obj
 0001:00000750       __security_init_cookie     0000000180001750 f   LIBCMT:gs_support.obj
 0001:00000800       _get_startup_argv_mode     0000000180001800 f   LIBCMT:argv_mode.obj
 0001:00000800       DllMain                    0000000180001800 f   LIBCMT:dll_dllmain_stub.obj
 0001:00000808       ?__scrt_initialize_type_info@@YAXXZ 0000000180001808 f   LIBCMT:tncleanup.obj
 0001:00000818       ?__scrt_uninitialize_type_info@@YAXXZ 0000000180001818 f   LIBCMT:tncleanup.obj
 0001:00000824       __local_stdio_printf_options 0000000180001824 f i LIBCMT:default_local_stdio_options.obj
 0001:0000082c       __local_stdio_scanf_options 000000018000182c f i LIBCMT:default_local_stdio_options.obj
 0001:00000834       __scrt_initialize_default_local_stdio_options 0000000180001834 f   LIBCMT:default_local_stdio_options.obj
 0001:00000850       __scrt_acquire_startup_lock 0000000180001850 f   LIBCMT:utility.obj
 0001:0000088c       __scrt_dllmain_after_initialize_c 000000018000188c f   LIBCMT:utility.obj
 0001:000008c0       __scrt_dllmain_before_initialize_c 00000001800018c0 f   LIBCMT:utility.obj
 0001:000008d8       __scrt_dllmain_crt_thread_attach 00000001800018d8 f   LIBCMT:utility.obj
 0001:00000900       __scrt_dllmain_crt_thread_detach 0000000180001900 f   LIBCMT:utility.obj
 0001:00000918       __scrt_dllmain_exception_filter 0000000180001918 f   LIBCMT:utility.obj
 0001:00000978       __scrt_dllmain_uninitialize_c 0000000180001978 f   LIBCMT:utility.obj
 0001:000009a8       __scrt_dllmain_uninitialize_critical 00000001800019a8 f   LIBCMT:utility.obj
 0001:000009bc       __scrt_initialize_crt      00000001800019bc f   LIBCMT:utility.obj
 0001:00000a08       __scrt_initialize_onexit_tables 0000000180001a08 f   LIBCMT:utility.obj
 0001:00000ae4       __scrt_is_nonwritable_in_current_image 0000000180001ae4 f   LIBCMT:utility.obj
 0001:00000b80       __scrt_release_startup_lock 0000000180001b80 f   LIBCMT:utility.obj
 0001:00000ba4       __scrt_uninitialize_crt    0000000180001ba4 f   LIBCMT:utility.obj
 0001:00000bd0       __scrt_get_dyn_tls_init_callback 0000000180001bd0 f   LIBCMT:dyn_tls_init.obj
 0001:00000bd8       __crt_debugger_hook        0000000180001bd8 f   LIBCMT:utility_desktop.obj
 0001:00000be0       __scrt_fastfail            0000000180001be0 f   LIBCMT:utility_desktop.obj
 0001:00000d2c       _RTC_Initialize            0000000180001d2c f   LIBCMT:_initsect_.obj
 0001:00000d68       _RTC_Terminate             0000000180001d68 f   LIBCMT:_initsect_.obj
 0001:00000da4       _guard_check_icall_nop     0000000180001da4 f i LIBCMT:guard_support.obj
 0001:00000da8       __isa_available_init       0000000180001da8 f   LIBCMT:_cpu_disp_.obj
 0001:00000f64       __scrt_is_ucrt_dll_in_use  0000000180001f64 f   LIBCMT:ucrt_detection.obj
 0001:00000f70       __C_specific_handler       0000000180001f70 f   libvcruntime:_riscchandler_.obj
 0001:0000117c       __std_type_info_compare    000000018000217c f   libvcruntime:std_type_info.obj
 0001:000011a4       __std_type_info_destroy_list 00000001800021a4 f   libvcruntime:std_type_info.obj
 0001:000011d0       __vcrt_initialize          00000001800021d0 f   libvcruntime:initialization.obj
 0001:00001204       __vcrt_thread_attach       0000000180002204 f   libvcruntime:initialization.obj
 0001:00001218       __vcrt_thread_detach       0000000180002218 f   libvcruntime:initialization.obj
 0001:0000122c       __vcrt_uninitialize        000000018000222c f   libvcruntime:initialization.obj
 0001:0000124c       __vcrt_uninitialize_critical 000000018000224c f   libvcruntime:initialization.obj
 0001:00001270       memset                     0000000180002270 f   libvcruntime:memset.obj
 0001:00001430       _local_unwind              0000000180002430 f   libvcruntime:_jmpuwind_.obj
 0001:00001460       _NLG_Notify                0000000180002460 f   libvcruntime:_jmpuwind_.obj
 0001:00001480       __NLG_Dispatch2            0000000180002480 f   libvcruntime:_jmpuwind_.obj
 0001:00001490       __NLG_Return2              0000000180002490 f   libvcruntime:_jmpuwind_.obj
 0001:00001494       __except_validate_context_record 0000000180002494 f   libvcruntime:jbcxrval.obj
 0001:000014cc       __vcrt_freefls             00000001800024cc f   libvcruntime:per_thread_data.obj
 0001:000014ec       __vcrt_freeptd             00000001800024ec f   libvcruntime:per_thread_data.obj
 0001:0000153c       __vcrt_getptd              000000018000253c f   libvcruntime:per_thread_data.obj
 0001:00001558       __vcrt_getptd_noexit       0000000180002558 f   libvcruntime:per_thread_data.obj
 0001:00001610       __vcrt_initialize_ptd      0000000180002610 f   libvcruntime:per_thread_data.obj
 0001:00001660       __vcrt_uninitialize_ptd    0000000180002660 f   libvcruntime:per_thread_data.obj
 0001:00001684       __vcrt_initialize_locks    0000000180002684 f   libvcruntime:locks.obj
 0001:000016cc       __vcrt_uninitialize_locks  00000001800026cc f   libvcruntime:locks.obj
 0001:000018dc       __vcrt_FlsAlloc            00000001800028dc f   libvcruntime:winapi_downlevel.obj
 0001:00001924       __vcrt_FlsFree             0000000180002924 f   libvcruntime:winapi_downlevel.obj
 0001:0000196c       __vcrt_FlsGetValue         000000018000296c f   libvcruntime:winapi_downlevel.obj
 0001:000019b4       __vcrt_FlsSetValue         00000001800029b4 f   libvcruntime:winapi_downlevel.obj
 0001:00001a08       __vcrt_InitializeCriticalSectionEx 0000000180002a08 f   libvcruntime:winapi_downlevel.obj
 0001:00001a6c       __vcrt_initialize_winapi_thunks 0000000180002a6c f   libvcruntime:winapi_downlevel.obj
 0001:00001a9c       __vcrt_uninitialize_winapi_thunks 0000000180002a9c f   libvcruntime:winapi_downlevel.obj
 0001:00001adc       __vcrt_initialize_pure_virtual_call_handler 0000000180002adc f   libvcruntime:purevirt_data.obj
 0001:00001aec       ?_ExecutionInCatch@@YAHPEAU_xDISPATCHER_CONTEXT@@PEBU_s_FuncInfo@@@Z 0000000180002aec f   libvcruntime:risctrnsctrl.obj
 0001:00001b60       ?_GetEstablisherFrame@@YAPEA_KPEA_KPEAU_xDISPATCHER_CONTEXT@@PEBU_s_FuncInfo@@0@Z 0000000180002b60 f   libvcruntime:risctrnsctrl.obj
 0001:00001c2c       ?_GetRangeOfTrysToCheck@@YAPEBU_s_TryBlockMapEntry@@PEA_KPEBU_s_FuncInfo@@HHPEAI2PEAU_xDISPATCHER_CONTEXT@@@Z 0000000180002c2c f   libvcruntime:risctrnsctrl.obj
 0001:00001d58       ?__FrameUnwindToEmptyState@@YAXPEA_KPEAU_xDISPATCHER_CONTEXT@@PEBU_s_FuncInfo@@@Z 0000000180002d58 f   libvcruntime:risctrnsctrl.obj
 0001:00001dec       _CallSETranslator          0000000180002dec f   libvcruntime:risctrnsctrl.obj
 0001:00001e40       _CreateFrameInfo           0000000180002e40 f   libvcruntime:risctrnsctrl.obj
 0001:00001e7c       _FindAndUnlinkFrame        0000000180002e7c f   libvcruntime:risctrnsctrl.obj
 0001:00001ed0       _GetImageBase              0000000180002ed0 f   libvcruntime:risctrnsctrl.obj
 0001:00001ee4       _GetThrowImageBase         0000000180002ee4 f   libvcruntime:risctrnsctrl.obj
 0001:00001ef8       _SetImageBase              0000000180002ef8 f   libvcruntime:risctrnsctrl.obj
 0001:00001f10       _SetThrowImageBase         0000000180002f10 f   libvcruntime:risctrnsctrl.obj
 0001:00001f28       _UnwindNestedFrames        0000000180002f28 f   libvcruntime:risctrnsctrl.obj
 0001:0000204c       __CxxFrameHandler3         000000018000304c f   libvcruntime:risctrnsctrl.obj
 0001:000020e0       memcpy                     00000001800030e0 f   libvcruntime:memcpy.obj
 0001:000020e0       memmove                    00000001800030e0 f   libvcruntime:memcpy.obj
 0001:00002528       ?__GetCurrentState@@YAHPEA_KPEAU_xDISPATCHER_CONTEXT@@PEBU_s_FuncInfo@@@Z 0000000180003528 f   libvcruntime:riscehstate.obj
 0001:00002550       ?__GetUnwindTryBlock@@YAHPEA_KPEAU_xDISPATCHER_CONTEXT@@PEBU_s_FuncInfo@@@Z 0000000180003550 f   libvcruntime:riscehstate.obj
 0001:0000257c       ?__SetState@@YAXPEA_KPEAU_xDISPATCHER_CONTEXT@@PEBU_s_FuncInfo@@H@Z 000000018000357c f   libvcruntime:riscehstate.obj
 0001:00002588       ?__SetUnwindTryBlock@@YAXPEA_KPEAU_xDISPATCHER_CONTEXT@@PEBU_s_FuncInfo@@H@Z 0000000180003588 f   libvcruntime:riscehstate.obj
 0001:000025c4       ?__StateFromControlPc@@YAHPEBU_s_FuncInfo@@PEAU_xDISPATCHER_CONTEXT@@@Z 00000001800035c4 f   libvcruntime:riscehstate.obj
 0001:000025cc       ?__StateFromIp@@YAHPEBU_s_FuncInfo@@PEAU_xDISPATCHER_CONTEXT@@_K@Z 00000001800035cc f   libvcruntime:riscehstate.obj
 0001:00002634       ??0bad_exception@std@@QEAA@AEBV01@@Z 0000000180003634 f i libvcruntime:frame.obj
 0001:00002674       ??0bad_exception@std@@QEAA@XZ 0000000180003674 f i libvcruntime:frame.obj
 0001:00002694       ??0exception@std@@QEAA@AEBV01@@Z 0000000180003694 f i libvcruntime:frame.obj
 0001:000026cc       ??1bad_exception@std@@UEAA@XZ 00000001800036cc f i libvcruntime:frame.obj
 0001:000026e0       ??_Eexception@std@@UEAAPEAXI@Z 00000001800036e0 f i libvcruntime:frame.obj
 0001:000026e0       ??_Gexception@std@@UEAAPEAXI@Z 00000001800036e0 f i libvcruntime:frame.obj
 0001:000026e0       ??_Gbad_exception@std@@UEAAPEAXI@Z 00000001800036e0 f i libvcruntime:frame.obj
 0001:000026e0       ??_Ebad_exception@std@@UEAAPEAXI@Z 00000001800036e0 f i libvcruntime:frame.obj
 0001:0000304c       ?_CallMemberFunction1@@YAXQEAX00@Z 000000018000404c f i libvcruntime:frame.obj
 0001:00003058       ?_CallMemberFunction2@@YAXQEAX00H@Z 0000000180004058 f i libvcruntime:frame.obj
 0001:00003068       ?what@exception@std@@UEBAPEBDXZ 0000000180004068 f i libvcruntime:frame.obj
 0001:0000307c       __BuildCatchObject         000000018000407c f   libvcruntime:frame.obj
 0001:0000313c       __BuildCatchObjectHelper   000000018000413c f   libvcruntime:frame.obj
 0001:0000333c       __CxxCallCatchBlock        000000018000433c f   libvcruntime:frame.obj
 0001:00003528       __FrameUnwindToState       0000000180004528 f   libvcruntime:frame.obj
 0001:000036bc       __InternalCxxFrameHandler  00000001800046bc f   libvcruntime:frame.obj
 0001:00003900       __TypeMatch                0000000180004900 f   libvcruntime:frame.obj
 0001:00003a60       _CallSettingFrame          0000000180004a60 f   libvcruntime:handlers.obj
 0001:00003aa0       __DestructExceptionObject  0000000180004aa0 f   libvcruntime:ehhelpers.obj
 0001:00003b14       ?_CallMemberFunction0@@YAXQEAX0@Z 0000000180004b14 f i libvcruntime:ehhelpers.obj
 0001:00003b18       _IsExceptionObjectToBeDestroyed 0000000180004b18 f   libvcruntime:ehhelpers.obj
 0001:00003b48       __AdjustPointer            0000000180004b48 f   libvcruntime:ehhelpers.obj
 0001:00003b6c       __FrameUnwindFilter        0000000180004b6c f   libvcruntime:ehhelpers.obj
 0001:00003bb8       __std_exception_copy       0000000180004bb8 f   libvcruntime:std_exception.obj
 0001:00003c48       __std_exception_destroy    0000000180004c48 f   libvcruntime:std_exception.obj
 0001:00003c70       _CxxThrowException         0000000180004c70 f   libvcruntime:throw.obj
 0001:00003d30       ??0_LocaleUpdate@@QEAA@QEAU__crt_locale_pointers@@@Z 0000000180004d30 f i libucrt:stricmp.obj
 0001:00003dcc       ??1_LocaleUpdate@@QEAA@XZ  0000000180004dcc f i libucrt:stricmp.obj
 0001:00003de0       _initterm                  0000000180004de0 f   libucrt:initterm.obj
 0001:00003e44       _initterm_e                0000000180004e44 f   libucrt:initterm.obj
 0001:00003e84       _seh_filter_dll            0000000180004e84 f   libucrt:exception_filter.obj
 0001:00003e98       _seh_filter_exe            0000000180004e98 f   libucrt:exception_filter.obj
 0001:00004290       __acrt_initialize_thread_local_exit_callback 0000000180005290 f   libucrt:exit.obj
 0001:00004298       _cexit                     0000000180005298 f   libucrt:exit.obj
 0001:000042a8       _exit                      00000001800052a8 f   libucrt:exit.obj
 0001:000042b4       _is_c_termination_complete 00000001800052b4 f   libucrt:exit.obj
 0001:00004480       __acrt_allocate_buffer_for_argv 0000000180005480 f   libucrt:argv_parsing.obj
 0001:000044e0       _configure_narrow_argv     00000001800054e0 f   libucrt:argv_parsing.obj
 0001:00004858       __dcrt_uninitialize_environments_nolock 0000000180005858 f   libucrt:environment_initialization.obj
 0001:00004890       _initialize_narrow_environment 0000000180005890 f   libucrt:environment_initialization.obj
 0001:00004a20       _execute_onexit_table      0000000180005a20 f   libucrt:onexit.obj
 0001:00004a5c       _initialize_onexit_table   0000000180005a5c f   libucrt:onexit.obj
 0001:00004ad4       __acrt_uninitialize_command_line 0000000180005ad4 f   libucrt:argv_data.obj
 0001:00004be0       __acrt_initialize          0000000180005be0 f   libucrt:initialization.obj
 0001:00004bf4       __acrt_thread_attach       0000000180005bf4 f   libucrt:initialization.obj
 0001:00004c08       __acrt_thread_detach       0000000180005c08 f   libucrt:initialization.obj
 0001:00004c18       __acrt_uninitialize        0000000180005c18 f   libucrt:initialization.obj
 0001:00004c50       __acrt_uninitialize_critical 0000000180005c50 f   libucrt:initialization.obj
 0001:00004c60       terminate                  0000000180005c60 f   libucrt:terminate.obj
 0001:00004c80       free                       0000000180005c80 f   libucrt:free.obj
 0001:00004c94       malloc                     0000000180005c94 f   libucrt:malloc.obj
 0001:00004c9c       strcpy_s                   0000000180005c9c f   libucrt:strcpy_s.obj
 0001:00004d20       strncmp                    0000000180005d20 f   libucrt:strncmp.obj
 0001:00004da0       abort                      0000000180005da0 f   libucrt:abort.obj
 0001:00004df8       calloc                     0000000180005df8 f   libucrt:calloc.obj
 0001:00004e00       wcsncmp                    0000000180005e00 f   libucrt:wcsncmp.obj
 0001:00004e2c       __acrt_call_reportfault    0000000180005e2c f   libucrt:invalid_parameter.obj
 0001:00004f88       __acrt_initialize_invalid_parameter_handler 0000000180005f88 f   libucrt:invalid_parameter.obj
 0001:00004f90       _invalid_parameter         0000000180005f90 f   libucrt:invalid_parameter.obj
 0001:00005040       _invalid_parameter_noinfo  0000000180006040 f   libucrt:invalid_parameter.obj
 0001:00005060       _invoke_watson             0000000180006060 f   libucrt:invalid_parameter.obj
 0001:000050a8       __acrt_errno_from_os_error 00000001800060a8 f   libucrt:errno.obj
 0001:000050f0       __acrt_errno_map_os_error  00000001800060f0 f   libucrt:errno.obj
 0001:00005140       __doserrno                 0000000180006140 f   libucrt:errno.obj
 0001:00005160       _errno                     0000000180006160 f   libucrt:errno.obj
 0001:000054f8       __acrt_freeptd             00000001800064f8 f   libucrt:per_thread_data.obj
 0001:0000553c       __acrt_getptd              000000018000653c f   libucrt:per_thread_data.obj
 0001:00005600       __acrt_getptd_head         0000000180006600 f   libucrt:per_thread_data.obj
 0001:000056a8       __acrt_getptd_noexit       00000001800066a8 f   libucrt:per_thread_data.obj
 0001:00005760       __acrt_initialize_ptd      0000000180006760 f   libucrt:per_thread_data.obj
 0001:0000579c       __acrt_uninitialize_ptd    000000018000679c f   libucrt:per_thread_data.obj
 0001:000057c0       __acrt_update_locale_info  00000001800067c0 f   libucrt:locale_update.obj
 0001:000057f4       __acrt_update_multibyte_info 00000001800067f4 f   libucrt:locale_update.obj
 0001:00005898       __acrt_set_locale_changed  0000000180006898 f   libucrt:wsetlocale.obj
 0001:000058a4       __acrt_uninitialize_locale 00000001800068a4 f   libucrt:wsetlocale.obj
 0001:000058d4       __acrt_initialize_locks    00000001800068d4 f   libucrt:locks.obj
 0001:0000591c       __acrt_lock                000000018000691c f   libucrt:locks.obj
 0001:00005938       __acrt_uninitialize_locks  0000000180006938 f   libucrt:locks.obj
 0001:00005970       __acrt_unlock              0000000180006970 f   libucrt:locks.obj
 0001:0000598c       __acrt_get_process_end_policy 000000018000698c f   libucrt:win_policies.obj
 0001:000059c8       _calloc_base               00000001800069c8 f   libucrt:calloc_base.obj
 0001:00005a40       _free_base                 0000000180006a40 f   libucrt:free_base.obj
 0001:00005fe8       __acrt_expand_narrow_argv_wildcards 0000000180006fe8 f   libucrt:argv_wildcards.obj
 0001:00005ff0       __acrt_GetModuleFileNameA  0000000180006ff0 f   libucrt:getmodulefilenamea.obj
 0001:00006798       __acrt_initialize_multibyte 0000000180007798 f   libucrt:mbctype.obj
 0001:000067f8       __acrt_update_thread_multibyte_data 00000001800077f8 f   libucrt:mbctype.obj
 0001:00006814       _setmbcp_nolock            0000000180007814 f   libucrt:mbctype.obj
 0001:00006b44       _ismbblead                 0000000180007b44 f   libucrt:ismbbyte.obj
 0001:00006b58       __acrt_initialize_command_line 0000000180007b58 f   libucrt:argv_data.obj
 0001:00006b80       __acrt_MultiByteToWideChar 0000000180007b80 f   libucrt:multibytetowidechar.obj
 0001:00006bdc       __acrt_WideCharToMultiByte 0000000180007bdc f   libucrt:widechartomultibyte.obj
 0001:00006c74       __dcrt_get_narrow_environment_from_os 0000000180007c74 f   libucrt:get_environment_from_os.obj
 0001:00006d78       _recalloc                  0000000180007d78 f   libucrt:recalloc.obj
 0001:00006d80       _recalloc_base             0000000180007d80 f   libucrt:recalloc.obj
 0001:00006ff0       __acrt_AppPolicyGetProcessTerminationMethodInternal 0000000180007ff0 f   libucrt:winapi_thunks.obj
 0001:00007040       __acrt_FlsAlloc            0000000180008040 f   libucrt:winapi_thunks.obj
 0001:00007088       __acrt_FlsFree             0000000180008088 f   libucrt:winapi_thunks.obj
 0001:000070d0       __acrt_FlsGetValue         00000001800080d0 f   libucrt:winapi_thunks.obj
 0001:00007118       __acrt_FlsSetValue         0000000180008118 f   libucrt:winapi_thunks.obj
 0001:0000716c       __acrt_InitializeCriticalSectionEx 000000018000816c f   libucrt:winapi_thunks.obj
 0001:000071d0       __acrt_LCMapStringEx       00000001800081d0 f   libucrt:winapi_thunks.obj
 0001:000072ac       __acrt_LocaleNameToLCID    00000001800082ac f   libucrt:winapi_thunks.obj
 0001:000072fc       __acrt_initialize_winapi_thunks 00000001800082fc f   libucrt:winapi_thunks.obj
 0001:00007344       __acrt_uninitialize_winapi_thunks 0000000180008344 f   libucrt:winapi_thunks.obj
 0001:00007388       __acrt_initialize_heap     0000000180008388 f   libucrt:heap_handle.obj
 0001:000073a4       __acrt_uninitialize_heap   00000001800083a4 f   libucrt:heap_handle.obj
 0001:00007598       __acrt_initialize_lowio    0000000180008598 f   libucrt:ioinit.obj
 0001:000075d4       __acrt_uninitialize_lowio  00000001800085d4 f   libucrt:ioinit.obj
 0001:00007614       __acrt_execute_initializers 0000000180008614 f   libucrt:shared_initialization.obj
 0001:00007694       __acrt_execute_uninitializers 0000000180008694 f   libucrt:shared_initialization.obj
 0001:000076d0       __acrt_initialize_new_handler 00000001800086d0 f   libucrt:new_handler.obj
 0001:000076d8       _callnewh                  00000001800086d8 f   libucrt:new_handler.obj
 0001:00007708       _query_new_handler         0000000180008708 f   libucrt:new_handler.obj
 0001:00007784       __acrt_get_sigabrt_handler 0000000180008784 f   libucrt:signal.obj
 0001:000077b4       __acrt_initialize_signal_handlers 00000001800087b4 f   libucrt:signal.obj
 0001:000077d4       raise                      00000001800087d4 f   libucrt:signal.obj
 0001:00007a54       __acrt_has_user_matherr    0000000180008a54 f   libucrt:matherr.obj
 0001:00007a74       __acrt_initialize_user_matherr 0000000180008a74 f   libucrt:matherr.obj
 0001:00007a7c       __acrt_invoke_user_matherr 0000000180008a7c f   libucrt:matherr.obj
 0001:00007c88       __acrt_stdio_flush_nolock  0000000180008c88 f   libucrt:fflush.obj
 0001:00007d04       _fflush_nolock             0000000180008d04 f   libucrt:fflush.obj
 0001:00007d50       _flushall                  0000000180008d50 f   libucrt:fflush.obj
 0001:00007d58       __acrt_initialize_stdio    0000000180008d58 f   libucrt:_file.obj
 0001:00007e78       __acrt_uninitialize_stdio  0000000180008e78 f   libucrt:_file.obj
 0001:00007ed4       _lock_file                 0000000180008ed4 f   libucrt:_file.obj
 0001:00007ee0       _unlock_file               0000000180008ee0 f   libucrt:_file.obj
 0001:00007eec       _malloc_base               0000000180008eec f   libucrt:malloc_base.obj
 0001:00007f4c       _mbtowc_l                  0000000180008f4c f   libucrt:mbtowc.obj
 0001:000080c8       mbtowc                     00000001800090c8 f   libucrt:mbtowc.obj
 0001:000080d0       _fileno                    00000001800090d0 f   libucrt:fileno.obj
 0001:000080f8       __pctype_func              00000001800090f8 f   libucrt:ctype.obj
 0001:00008128       _isleadbyte_l              0000000180009128 f i libucrt:_wctype.obj
 0001:00008480       __acrt_LCMapStringA        0000000180009480 f   libucrt:lcmapstringa.obj
 0001:00008518       __acrt_add_locale_ref      0000000180009518 f   libucrt:locale_refcounting.obj
 0001:000085a4       __acrt_free_locale         00000001800095a4 f   libucrt:locale_refcounting.obj
 0001:0000871c       __acrt_locale_add_lc_time_reference 000000018000971c f   libucrt:locale_refcounting.obj
 0001:00008744       __acrt_locale_free_lc_time_if_unreferenced 0000000180009744 f   libucrt:locale_refcounting.obj
 0001:0000877c       __acrt_locale_release_lc_time_reference 000000018000977c f   libucrt:locale_refcounting.obj
 0001:000087a4       __acrt_release_locale_ref  00000001800097a4 f   libucrt:locale_refcounting.obj
 0001:0000884c       __acrt_update_thread_locale_data 000000018000984c f   libucrt:locale_refcounting.obj
 0001:000088bc       _updatetlocinfoEx_nolock   00000001800098bc f   libucrt:locale_refcounting.obj
 0001:00008924       __acrt_locale_free_monetary 0000000180009924 f   libucrt:initmon.obj
 0001:00008a30       __acrt_locale_free_numeric 0000000180009a30 f   libucrt:initnum.obj
 0001:00008af0       __acrt_locale_free_time    0000000180009af0 f   libucrt:inittime.obj
 0001:00008bf8       __acrt_GetStringTypeA      0000000180009bf8 f   libucrt:getstringtypea.obj
 0001:00008d88       _query_new_mode            0000000180009d88 f   libucrt:new_mode.obj
 0001:00008d90       qsort                      0000000180009d90 f   libucrt:qsort.obj
 0001:00009140       strncpy_s                  000000018000a140 f   libucrt:strncpy_s.obj
 0001:000092d0       strpbrk                    000000018000a2d0 f   libucrt:strpbrk.obj
 0001:000096b0       ??$__acrt_convert_wcs_mbs@D_W$$A6A_KPEA_WPEBD_KPEAU__crt_locale_pointers@@@ZU__crt_win32_buffer_internal_dynamic_resizing@@@@YAHQEBDAEAV?$__crt_win32_buffer@_WU__crt_win32_buffer_internal_dynamic_resizing@@@@A6A_KPEA_WPEBD_KPEAU__crt_locale_pointers@@@Z5@Z 000000018000a6b0 f i libucrt:findfirstfileexa.obj
 0001:000097b8       __acrt_FindFirstFileExA    000000018000a7b8 f   libucrt:findfirstfileexa.obj
 0001:0000985c       ??$__acrt_convert_wcs_mbs@_WD$$A6A_KPEADPEB_W_KPEAU__crt_locale_pointers@@@ZU__crt_win32_buffer_no_resizing@@@@YAHQEB_WAEAV?$__crt_win32_buffer@DU__crt_win32_buffer_no_resizing@@@@A6A_KPEADPEB_W_KPEAU__crt_locale_pointers@@@Z5@Z 000000018000a85c f i libucrt:findnextfilea.obj
 0001:00009928       __acrt_FindNextFileA       000000018000a928 f   libucrt:findnextfilea.obj
 0001:00009a5c       _mbsdec                    000000018000aa5c f   libucrt:mbsdec.obj
 0001:00009a64       _mbsdec_l                  000000018000aa64 f   libucrt:mbsdec.obj
 0001:00009cfc       _mbstowcs_l                000000018000acfc f   libucrt:mbstowcs.obj
 0001:00009d04       mbstowcs                   000000018000ad04 f   libucrt:mbstowcs.obj
 0001:00009d38       _msize                     000000018000ad38 f   libucrt:msize.obj
 0001:00009d40       _msize_base                000000018000ad40 f   libucrt:msize.obj
 0001:00009d7c       _realloc_base              000000018000ad7c f   libucrt:realloc_base.obj
 0001:00009ee0       __acrt_DownlevelLocaleNameToLCID 000000018000aee0 f   libucrt:lcidtoname_downlevel.obj
 0001:00009f14       __acrt_lowio_create_handle_array 000000018000af14 f   libucrt:osfinfo.obj
 0001:00009fac       __acrt_lowio_destroy_handle_array 000000018000afac f   libucrt:osfinfo.obj
 0001:00009ffc       __acrt_lowio_ensure_fh_exists 000000018000affc f   libucrt:osfinfo.obj
 0001:0000a0a4       __acrt_lowio_lock_fh       000000018000b0a4 f   libucrt:osfinfo.obj
 0001:0000a0c8       __acrt_lowio_unlock_fh     000000018000b0c8 f   libucrt:osfinfo.obj
 0001:0000a0ec       _free_osfhnd               000000018000b0ec f   libucrt:osfinfo.obj
 0001:0000a1a8       _get_osfhandle             000000018000b1a8 f   libucrt:osfinfo.obj
 0001:0000a2ac       _commit                    000000018000b2ac f   libucrt:commit.obj
 0001:0000a8e8       _write                     000000018000b8e8 f   libucrt:write.obj
 0001:0000a9d4       _write_nolock              000000018000b9d4 f   libucrt:write.obj
 0001:0000acb4       _fcloseall                 000000018000bcb4 f   libucrt:closeall.obj
 0001:0000ad68       __acrt_stdio_free_buffer_nolock 000000018000bd68 f   libucrt:_freebuf.obj
 0001:0000ada8       _isatty                    000000018000bda8 f   libucrt:isatty.obj
 0001:0000ae08       ?__mbrtowc_utf8@__crt_mbstring@@YA_KPEA_WPEBD_KPEAU_Mbstatet@@@Z 000000018000be08 f   libucrt:mbrtowc.obj
 0001:0000ae44       ?__mbsrtowcs_utf8@__crt_mbstring@@YA_KPEA_WPEAPEBD_KPEAU_Mbstatet@@@Z 000000018000be44 f   libucrt:mbrtowc.obj
 0001:0000afbc       __strncnt                  000000018000bfbc f   libucrt:strncnt.obj
 0001:0000b33c       _wcstombs_l                000000018000c33c f   libucrt:wcstombs.obj
 0001:0000b344       _query_app_type            000000018000c344 f   libucrt:report_runtime_error.obj
 0001:0000b3e8       _lseeki64_nolock           000000018000c3e8 f   libucrt:lseek.obj
 0001:0000b3f0       _putwch_nolock             000000018000c3f0 f   libucrt:putwch.obj
 0001:0000b42c       _fclose_nolock             000000018000c42c f   libucrt:fclose.obj
 0001:0000b4b0       fclose                     000000018000c4b0 f   libucrt:fclose.obj
 0001:0000b514       ?__mbrtoc32_utf8@__crt_mbstring@@YA_KPEA_UPEBD_KPEAU_Mbstatet@@@Z 000000018000c514 f   libucrt:mbrtoc32.obj
 0001:0000b6f0       log10                      000000018000c6f0 f   libucrt:log10.obj
 0001:0000bc9c       ?__wcsrtombs_utf8@__crt_mbstring@@YA_KPEADPEAPEB_W_KPEAU_Mbstatet@@@Z 000000018000cc9c f   libucrt:wcrtomb.obj
 0001:0000bdb8       __dcrt_lowio_ensure_console_output_initialized 000000018000cdb8 f   libucrt:initcon.obj
 0001:0000be0c       __dcrt_terminate_console_output 000000018000ce0c f   libucrt:initcon.obj
 0001:0000be28       __dcrt_write_console       000000018000ce28 f   libucrt:initcon.obj
 0001:0000bf5c       _close                     000000018000cf5c f   libucrt:close.obj
 0001:0000c000       _close_nolock              000000018000d000 f   libucrt:close.obj
 0001:0000c0bc       ?__acrt_stdio_free_stream@@YAXV__crt_stdio_stream@@@Z 000000018000d0bc f   libucrt:stream.obj
 0001:0000c1fc       _handle_error              000000018000d1fc f   libucrt:libm_error.obj
 0001:0000c330       __acrt_initialize_fma3     000000018000d330 f   libucrt:fma3_available.obj
 0001:0000c3a0       _log10_special             000000018000d3a0 f   libucrt:log_special.obj
 0001:0000c458       ?__c16rtomb_utf8@__crt_mbstring@@YA_KPEAD_SPEAU_Mbstatet@@@Z 000000018000d458 f   libucrt:c16rtomb.obj
 0001:0000c510       _get_fpsr                  000000018000d510 f   libucrt:fpsr.obj
 0001:0000c520       _set_fpsr                  000000018000d520 f   libucrt:fpsr.obj
 0001:0000c52a       _fclrf                     000000018000d52a f   libucrt:fpsr.obj
 0001:0000c53e       _frnd                      000000018000d53e f   libucrt:fpsr.obj
 0001:0000c560       _raise_exc                 000000018000d560 f   libucrt:fpexcept.obj
 0001:0000c588       _raise_exc_ex              000000018000d588 f   libucrt:fpexcept.obj
 0001:0000c898       _set_errno_from_matherr    000000018000d898 f   libucrt:fpexcept.obj
 0001:0000c8c8       _clrfp                     000000018000d8c8 f   libucrt:fpctrl.obj
 0001:0000c8e8       _ctrlfp                    000000018000d8e8 f   libucrt:fpctrl.obj
 0001:0000c964       _set_statfp                000000018000d964 f   libucrt:fpctrl.obj
 0001:0000c984       _statfp                    000000018000d984 f   libucrt:fpctrl.obj
 0001:0000c998       ?__c32rtomb_utf8@__crt_mbstring@@YA_KPEAD_UPEAU_Mbstatet@@@Z 000000018000d998 f   libucrt:c32rtomb.obj
 0001:0000ca50       c32rtomb                   000000018000da50 f   libucrt:c32rtomb.obj
 0001:0000ca55       IsProcessorFeaturePresent  000000018000da55 f   kernel32:KERNEL32.dll
 0001:0000ca5b       RtlUnwindEx                000000018000da5b f   kernel32:KERNEL32.dll
 0001:0000ca70       _FindPESection             000000018000da70 f   LIBCMT:pesect.obj
 0001:0000cac0       _IsNonwritableInCurrentImage 000000018000dac0 f   LIBCMT:pesect.obj
 0001:0000cb10       _ValidateImageBase         000000018000db10 f   LIBCMT:pesect.obj
 0001:0000cb40       __GSHandlerCheck           000000018000db40 f   LIBCMT:_gshandler_.obj
 0001:0000cb60       __GSHandlerCheckCommon     000000018000db60 f   LIBCMT:_gshandler_.obj
 0001:0000cbbc       ??_Gtype_info@@UEAAPEAXI@Z 000000018000dbbc f i LIBCMT:std_type_info_static.obj
 0001:0000cbbc       ??_Etype_info@@UEAAPEAXI@Z 000000018000dbbc f i LIBCMT:std_type_info_static.obj
 0001:0000cbe8       ??3@YAXPEAX_K@Z            000000018000dbe8 f   LIBCMT:delete_scalar_size.obj
 0001:0000cc00       __chkstk                   000000018000dc00 f   LIBCMT:_chkstk_.obj
 0001:0000cc00       _alloca_probe              000000018000dc00 f   LIBCMT:_chkstk_.obj
 0001:0000cc54       __GSHandlerCheck_EH        000000018000dc54 f   LIBCMT:gshandlereh.obj
 0001:0000ccd4       ??3@YAXPEAX@Z              000000018000dcd4 f   LIBCMT:delete_scalar.obj
 0001:0000ccf0       memcmp                     000000018000dcf0 f   libvcruntime:memcmp.obj
 0001:0000cdd0       _guard_dispatch_icall_nop  000000018000ddd0 f   LIBCMT:_guard_dispatch_.obj
 0002:00000000       __imp_CloseHandle          000000018000f000     kernel32:KERNEL32.dll
 0002:00000008       __imp_CreateFileW          000000018000f008     kernel32:KERNEL32.dll
 0002:00000010       __imp_SetFilePointerEx     000000018000f010     kernel32:KERNEL32.dll
 0002:00000018       __imp_GetConsoleMode       000000018000f018     kernel32:KERNEL32.dll
 0002:00000020       __imp_GetConsoleCP         000000018000f020     kernel32:KERNEL32.dll
 0002:00000028       __imp_WriteFile            000000018000f028     kernel32:KERNEL32.dll
 0002:00000030       __imp_FlushFileBuffers     000000018000f030     kernel32:KERNEL32.dll
 0002:00000038       __imp_SetStdHandle         000000018000f038     kernel32:KERNEL32.dll
 0002:00000040       __imp_HeapReAlloc          000000018000f040     kernel32:KERNEL32.dll
 0002:00000048       __imp_HeapSize             000000018000f048     kernel32:KERNEL32.dll
 0002:00000050       __imp_RtlCaptureContext    000000018000f050     kernel32:KERNEL32.dll
 0002:00000058       __imp_RtlLookupFunctionEntry 000000018000f058     kernel32:KERNEL32.dll
 0002:00000060       __imp_RtlVirtualUnwind     000000018000f060     kernel32:KERNEL32.dll
 0002:00000068       __imp_UnhandledExceptionFilter 000000018000f068     kernel32:KERNEL32.dll
 0002:00000070       __imp_SetUnhandledExceptionFilter 000000018000f070     kernel32:KERNEL32.dll
 0002:00000078       __imp_GetCurrentProcess    000000018000f078     kernel32:KERNEL32.dll
 0002:00000080       __imp_TerminateProcess     000000018000f080     kernel32:KERNEL32.dll
 0002:00000088       __imp_IsProcessorFeaturePresent 000000018000f088     kernel32:KERNEL32.dll
 0002:00000090       __imp_QueryPerformanceCounter 000000018000f090     kernel32:KERNEL32.dll
 0002:00000098       __imp_GetCurrentProcessId  000000018000f098     kernel32:KERNEL32.dll
 0002:000000a0       __imp_GetCurrentThreadId   000000018000f0a0     kernel32:KERNEL32.dll
 0002:000000a8       __imp_GetSystemTimeAsFileTime 000000018000f0a8     kernel32:KERNEL32.dll
 0002:000000b0       __imp_InitializeSListHead  000000018000f0b0     kernel32:KERNEL32.dll
 0002:000000b8       __imp_IsDebuggerPresent    000000018000f0b8     kernel32:KERNEL32.dll
 0002:000000c0       __imp_GetStartupInfoW      000000018000f0c0     kernel32:KERNEL32.dll
 0002:000000c8       __imp_GetModuleHandleW     000000018000f0c8     kernel32:KERNEL32.dll
 0002:000000d0       __imp_RtlUnwindEx          000000018000f0d0     kernel32:KERNEL32.dll
 0002:000000d8       __imp_InterlockedFlushSList 000000018000f0d8     kernel32:KERNEL32.dll
 0002:000000e0       __imp_GetLastError         000000018000f0e0     kernel32:KERNEL32.dll
 0002:000000e8       __imp_SetLastError         000000018000f0e8     kernel32:KERNEL32.dll
 0002:000000f0       __imp_EnterCriticalSection 000000018000f0f0     kernel32:KERNEL32.dll
 0002:000000f8       __imp_LeaveCriticalSection 000000018000f0f8     kernel32:KERNEL32.dll
 0002:00000100       __imp_DeleteCriticalSection 000000018000f100     kernel32:KERNEL32.dll
 0002:00000108       __imp_InitializeCriticalSectionAndSpinCount 000000018000f108     kernel32:KERNEL32.dll
 0002:00000110       __imp_TlsAlloc             000000018000f110     kernel32:KERNEL32.dll
 0002:00000118       __imp_TlsGetValue          000000018000f118     kernel32:KERNEL32.dll
 0002:00000120       __imp_TlsSetValue          000000018000f120     kernel32:KERNEL32.dll
 0002:00000128       __imp_TlsFree              000000018000f128     kernel32:KERNEL32.dll
 0002:00000130       __imp_FreeLibrary          000000018000f130     kernel32:KERNEL32.dll
 0002:00000138       __imp_GetProcAddress       000000018000f138     kernel32:KERNEL32.dll
 0002:00000140       __imp_LoadLibraryExW       000000018000f140     kernel32:KERNEL32.dll
 0002:00000148       __imp_EncodePointer        000000018000f148     kernel32:KERNEL32.dll
 0002:00000150       __imp_RaiseException       000000018000f150     kernel32:KERNEL32.dll
 0002:00000158       __imp_RtlPcToFileHeader    000000018000f158     kernel32:KERNEL32.dll
 0002:00000160       __imp_ExitProcess          000000018000f160     kernel32:KERNEL32.dll
 0002:00000168       __imp_GetModuleHandleExW   000000018000f168     kernel32:KERNEL32.dll
 0002:00000170       __imp_GetModuleFileNameW   000000018000f170     kernel32:KERNEL32.dll
 0002:00000178       __imp_HeapAlloc            000000018000f178     kernel32:KERNEL32.dll
 0002:00000180       __imp_HeapFree             000000018000f180     kernel32:KERNEL32.dll
 0002:00000188       __imp_FindClose            000000018000f188     kernel32:KERNEL32.dll
 0002:00000190       __imp_FindFirstFileExW     000000018000f190     kernel32:KERNEL32.dll
 0002:00000198       __imp_FindNextFileW        000000018000f198     kernel32:KERNEL32.dll
 0002:000001a0       __imp_IsValidCodePage      000000018000f1a0     kernel32:KERNEL32.dll
 0002:000001a8       __imp_GetACP               000000018000f1a8     kernel32:KERNEL32.dll
 0002:000001b0       __imp_GetOEMCP             000000018000f1b0     kernel32:KERNEL32.dll
 0002:000001b8       __imp_GetCPInfo            000000018000f1b8     kernel32:KERNEL32.dll
 0002:000001c0       __imp_GetCommandLineA      000000018000f1c0     kernel32:KERNEL32.dll
 0002:000001c8       __imp_GetCommandLineW      000000018000f1c8     kernel32:KERNEL32.dll
 0002:000001d0       __imp_MultiByteToWideChar  000000018000f1d0     kernel32:KERNEL32.dll
 0002:000001d8       __imp_WideCharToMultiByte  000000018000f1d8     kernel32:KERNEL32.dll
 0002:000001e0       __imp_GetEnvironmentStringsW 000000018000f1e0     kernel32:KERNEL32.dll
 0002:000001e8       __imp_FreeEnvironmentStringsW 000000018000f1e8     kernel32:KERNEL32.dll
 0002:000001f0       __imp_LCMapStringW         000000018000f1f0     kernel32:KERNEL32.dll
 0002:000001f8       __imp_GetProcessHeap       000000018000f1f8     kernel32:KERNEL32.dll
 0002:00000200       __imp_GetStdHandle         000000018000f200     kernel32:KERNEL32.dll
 0002:00000208       __imp_GetFileType          000000018000f208     kernel32:KERNEL32.dll
 0002:00000210       __imp_GetStringTypeW       000000018000f210     kernel32:KERNEL32.dll
 0002:00000218       __imp_WriteConsoleW        000000018000f218     kernel32:KERNEL32.dll
 0002:00000220       \177KERNEL32_NULL_THUNK_DATA 000000018000f220     kernel32:KERNEL32.dll
 0002:00000228       __imp_?SetName@Function@v8@@QEAAXV?$Local@VString@v8@@@2@@Z 000000018000f228     iojs:node.dll
 0002:00000230       __imp_?Set@Object@v8@@QEAA_NV?$Local@VValue@v8@@@2@0@Z 000000018000f230     iojs:node.dll
 0002:00000238       __imp_?NewFromUtf8@String@v8@@SA?AV?$Local@VString@v8@@@2@PEAVIsolate@2@PEBDW4NewStringType@12@H@Z 000000018000f238     iojs:node.dll
 0002:00000240       __imp_node_module_register 000000018000f240     iojs:node.dll
 0002:00000248       __imp_?GetFunction@FunctionTemplate@v8@@QEAA?AV?$Local@VFunction@v8@@@2@XZ 000000018000f248     iojs:node.dll
 0002:00000250       __imp_??0HandleScope@v8@@QEAA@PEAVIsolate@1@@Z 000000018000f250     iojs:node.dll
 0002:00000258       __imp_??1HandleScope@v8@@QEAA@XZ 000000018000f258     iojs:node.dll
 0002:00000260       __imp_?GetCurrent@Isolate@v8@@SAPEAV12@XZ 000000018000f260     iojs:node.dll
 0002:00000268       __imp_?New@FunctionTemplate@v8@@SA?AV?$Local@VFunctionTemplate@v8@@@2@PEAVIsolate@2@P6AXAEBV?$FunctionCallbackInfo@VValue@v8@@@2@@ZV?$Local@VValue@v8@@@2@V?$Local@VSignature@v8@@@2@HW4ConstructorBehavior@2@@Z 000000018000f268     iojs:node.dll
 0002:00000270       \177node_NULL_THUNK_DATA   000000018000f270     iojs:node.dll
 0002:00000278       __guard_check_icall_fptr   000000018000f278     LIBCMT:guard_support.obj
 0002:00000280       __guard_dispatch_icall_fptr 000000018000f280     LIBCMT:guard_support.obj
 0002:00000288       __xc_a                     000000018000f288     LIBCMT:initializers.obj
 0002:00000290       _register_addon_           000000018000f290     hello.obj
 0002:00000298       __xc_z                     000000018000f298     LIBCMT:initializers.obj
 0002:000002a0       __xi_a                     000000018000f2a0     LIBCMT:initializers.obj
 0002:000002a8       __acrt_multibyte_initializer 000000018000f2a8     libucrt:multibyte_initializer.obj
 0002:000002b0       __acrt_stdio_initializer   000000018000f2b0     libucrt:stdio_initializer.obj
 0002:000002b8       __acrt_tran_fma3_initializer 000000018000f2b8     libucrt:fma3_initializer.obj
 0002:000002c0       __xi_z                     000000018000f2c0     LIBCMT:initializers.obj
 0002:000002c8       __xp_a                     000000018000f2c8     LIBCMT:initializers.obj
 0002:000002d0       __acrt_locale_terminator   000000018000f2d0     libucrt:locale_initializer.obj
 0002:000002d8       __dcrt_console_output_terminator 000000018000f2d8     libucrt:console_output_initializer.obj
 0002:000002e0       __acrt_stdio_terminator    000000018000f2e0     libucrt:stdio_initializer.obj
 0002:000002e8       __xp_z                     000000018000f2e8     LIBCMT:initializers.obj
 0002:000002f0       __xt_a                     000000018000f2f0     LIBCMT:initializers.obj
 0002:000002f8       __xt_z                     000000018000f2f8     LIBCMT:initializers.obj
 0002:00000300       _pRawDllMain               000000018000f300     LIBCMT:dll_dllmain.obj
 0002:00000300       _pDefaultRawDllMain        000000018000f300     LIBCMT:dll_dllmain.obj
 0002:00000650       ??_C@_08EHJDFFNH@__based?$CI?$AA@ 000000018000f650     libvcruntime:undname.obj
 0002:00000660       ??_C@_07KOLFKCDI@__cdecl?$AA@ 000000018000f660     libvcruntime:undname.obj
 0002:00000668       ??_C@_08GHMPAG@__pascal?$AA@ 000000018000f668     libvcruntime:undname.obj
 0002:00000678       ??_C@_09IFJBGAPI@__stdcall?$AA@ 000000018000f678     libvcruntime:undname.obj
 0002:00000688       ??_C@_0L@NPHFGOKO@__thiscall?$AA@ 000000018000f688     libvcruntime:undname.obj
 0002:00000698       ??_C@_0L@JMKHOMEK@__fastcall?$AA@ 000000018000f698     libvcruntime:undname.obj
 0002:000006a8       ??_C@_0N@BCKKPABJ@__vectorcall?$AA@ 000000018000f6a8     libvcruntime:undname.obj
 0002:000006b8       ??_C@_09HIJEGCPM@__clrcall?$AA@ 000000018000f6b8     libvcruntime:undname.obj
 0002:000006c4       ??_C@_06GHPCKEAG@__eabi?$AA@ 000000018000f6c4     libvcruntime:undname.obj
 0002:000006d0       ??_C@_07EECFKIPL@__swift?$AA@ 000000018000f6d0     libvcruntime:undname.obj
 0002:000006d8       ??_C@_07JOMMBBKO@__ptr64?$AA@ 000000018000f6d8     libvcruntime:undname.obj
 0002:000006e0       ??_C@_0L@PILCLIHE@__restrict?$AA@ 000000018000f6e0     libvcruntime:undname.obj
 0002:000006f0       ??_C@_0M@GFIIJFMG@__unaligned?$AA@ 000000018000f6f0     libvcruntime:undname.obj
 0002:00000700       ??_C@_09DHDLOLLB@restrict?$CI?$AA@ 000000018000f700     libvcruntime:undname.obj
 0002:0000070a       ??_C@_00CNPNBAHC@?$AA@     000000018000f70a     libvcruntime:undname.obj
 0002:0000070c       ??_C@_04NIHEBCM@?5new?$AA@ 000000018000f70c     libvcruntime:undname.obj
 0002:00000718       ??_C@_07FPCDHGMM@?5delete?$AA@ 000000018000f718     libvcruntime:undname.obj
 0002:00000720       ??_C@_01NEMOKFLO@?$DN?$AA@ 000000018000f720     libvcruntime:undname.obj
 0002:00000724       ??_C@_02GPIOPFAK@?$DO?$DO?$AA@ 000000018000f724     libvcruntime:undname.obj
 0002:00000728       ??_C@_02FODMEDOG@?$DM?$DM?$AA@ 000000018000f728     libvcruntime:undname.obj
 0002:0000072c       ??_C@_01DCLJPIOD@?$CB?$AA@ 000000018000f72c     libvcruntime:undname.obj
 0002:00000730       ??_C@_02EGOFBIJA@?$DN?$DN?$AA@ 000000018000f730     libvcruntime:undname.obj
 0002:00000734       ??_C@_02FDNJECIE@?$CB?$DN?$AA@ 000000018000f734     libvcruntime:undname.obj
 0002:00000738       ??_C@_02GPECMEKF@?$FL?$FN?$AA@ 000000018000f738     libvcruntime:undname.obj
 0002:00000740       ??_C@_08LHJFAFGD@operator?$AA@ 000000018000f740     libvcruntime:undname.obj
 0002:0000074c       ??_C@_02HBOOOICD@?9?$DO?$AA@ 000000018000f74c     libvcruntime:undname.obj
 0002:00000750       ??_C@_01NBENCBCI@?$CK?$AA@ 000000018000f750     libvcruntime:undname.obj
 0002:00000754       ??_C@_02ECNGHCIF@?$CL?$CL?$AA@ 000000018000f754     libvcruntime:undname.obj
 0002:00000758       ??_C@_02BAABKJLB@?9?9?$AA@ 000000018000f758     libvcruntime:undname.obj
 0002:0000075c       ??_C@_01JOAMLHOP@?9?$AA@   000000018000f75c     libvcruntime:undname.obj
 0002:00000760       ??_C@_01MIFGBAGJ@?$CL?$AA@ 000000018000f760     libvcruntime:undname.obj
 0002:00000764       ??_C@_01HNPIGOCE@?$CG?$AA@ 000000018000f764     libvcruntime:undname.obj
 0002:00000768       ??_C@_03MNHNFDLC@?9?$DO?$CK?$AA@ 000000018000f768     libvcruntime:undname.obj
 0002:0000076c       ??_C@_01KMDKNFGN@?1?$AA@   000000018000f76c     libvcruntime:undname.obj
 0002:00000770       ??_C@_01FGNFDNOH@?$CF?$AA@ 000000018000f770     libvcruntime:undname.obj
 0002:00000774       ??_C@_01MNNFJEPP@?$DM?$AA@ 000000018000f774     libvcruntime:undname.obj
 0002:00000778       ??_C@_02EHCHHCKH@?$DM?$DN?$AA@ 000000018000f778     libvcruntime:undname.obj
 0002:0000077c       ??_C@_01PPODPGHN@?$DO?$AA@ 000000018000f77c     libvcruntime:undname.obj
 0002:00000780       ??_C@_02EEKDKGMJ@?$DO?$DN?$AA@ 000000018000f780     libvcruntime:undname.obj
 0002:00000784       ??_C@_01IHBHIGKO@?0?$AA@   000000018000f784     libvcruntime:undname.obj
 0002:00000788       ??_C@_02HCKGKOFO@?$CI?$CJ?$AA@ 000000018000f788     libvcruntime:undname.obj
 0002:0000078c       ??_C@_01PJKLJHI@?$HO?$AA@  000000018000f78c     libvcruntime:undname.obj
 0002:00000790       ??_C@_01JKBOJNNK@?$FO?$AA@ 000000018000f790     libvcruntime:undname.obj
 0002:00000794       ??_C@_01DNKMNLPK@?$HM?$AA@ 000000018000f794     libvcruntime:undname.obj
 0002:00000798       ??_C@_02PPKAJPJL@?$CG?$CG?$AA@ 000000018000f798     libvcruntime:undname.obj
 0002:0000079c       ??_C@_02NONPIBCD@?$HM?$HM?$AA@ 000000018000f79c     libvcruntime:undname.obj
 0002:000007a0       ??_C@_02FPIMKNGF@?$CK?$DN?$AA@ 000000018000f7a0     libvcruntime:undname.obj
 0002:000007a4       ??_C@_02FOEOMHFC@?$CL?$DN?$AA@ 000000018000f7a4     libvcruntime:undname.obj
 0002:000007a8       ??_C@_02FKMDLLOA@?9?$DN?$AA@ 000000018000f7a8     libvcruntime:undname.obj
 0002:000007ac       ??_C@_02FJEHGPIO@?1?$DN?$AA@ 000000018000f7ac     libvcruntime:undname.obj
 0002:000007b0       ??_C@_02FENAOKFI@?$CF?$DN?$AA@ 000000018000f7b0     libvcruntime:undname.obj
 0002:000007b4       ??_C@_03IKFCCPFF@?$DO?$DO?$DN?$AA@ 000000018000f7b4     libvcruntime:undname.obj
 0002:000007b8       ??_C@_03CDNPDDLA@?$DM?$DM?$DN?$AA@ 000000018000f7b8     libvcruntime:undname.obj
 0002:000007bc       ??_C@_02FGJGFEAB@?$CG?$DN?$AA@ 000000018000f7bc     libvcruntime:undname.obj
 0002:000007c0       ??_C@_02DHLNPPGH@?$HM?$DN?$AA@ 000000018000f7c0     libvcruntime:undname.obj
 0002:000007c4       ??_C@_02MHEGNOJ@?$FO?$DN?$AA@ 000000018000f7c4     libvcruntime:undname.obj
 0002:000007c8       ??_C@_09IFPLHPGF@?$GAvftable?8?$AA@ 000000018000f7c8     libvcruntime:undname.obj
 0002:000007d8       ??_C@_09BLBHBJP@?$GAvbtable?8?$AA@ 000000018000f7d8     libvcruntime:undname.obj
 0002:000007e8       ??_C@_07FEEIOKP@?$GAvcall?8?$AA@ 000000018000f7e8     libvcruntime:undname.obj
 0002:000007f0       ??_C@_08LLFFHHDJ@?$GAtypeof?8?$AA@ 000000018000f7f0     libvcruntime:undname.obj
 0002:00000800       ??_C@_0BF@KDPPACIK@?$GAlocal?5static?5guard?8?$AA@ 000000018000f800     libvcruntime:undname.obj
 0002:00000818       ??_C@_08OBABFOLI@?$GAstring?8?$AA@ 000000018000f818     libvcruntime:undname.obj
 0002:00000828       ??_C@_0BD@JDLKDPAB@?$GAvbase?5destructor?8?$AA@ 000000018000f828     libvcruntime:undname.obj
 0002:00000840       ??_C@_0BN@DEGPLNFK@?$GAvector?5deleting?5destructor?8?$AA@ 000000018000f840     libvcruntime:undname.obj
 0002:00000860       ??_C@_0BO@OBMKPJIG@?$GAdefault?5constructor?5closure?8?$AA@ 000000018000f860     libvcruntime:undname.obj
 0002:00000880       ??_C@_0BN@IMDCHIKM@?$GAscalar?5deleting?5destructor?8?$AA@ 000000018000f880     libvcruntime:undname.obj
 0002:000008a0       ??_C@_0BO@PFGOCPJJ@?$GAvector?5constructor?5iterator?8?$AA@ 000000018000f8a0     libvcruntime:undname.obj
 0002:000008c0       ??_C@_0BN@LFPFMEDL@?$GAvector?5destructor?5iterator?8?$AA@ 000000018000f8c0     libvcruntime:undname.obj
 0002:000008e0       ??_C@_0CE@IKBNEHA@?$GAvector?5vbase?5constructor?5iterat@ 000000018000f8e0     libvcruntime:undname.obj
 0002:00000908       ??_C@_0BL@NILFHHPC@?$GAvirtual?5displacement?5map?8?$AA@ 000000018000f908     libvcruntime:undname.obj
 0002:00000928       ??_C@_0CB@JONCMFFK@?$GAeh?5vector?5constructor?5iterator?8@ 000000018000f928     libvcruntime:undname.obj
 0002:00000950       ??_C@_0CA@GCEOPDGL@?$GAeh?5vector?5destructor?5iterator?8?$AA@ 000000018000f950     libvcruntime:undname.obj
 0002:00000970       ??_C@_0CH@OOJPLCPH@?$GAeh?5vector?5vbase?5constructor?5ite@ 000000018000f970     libvcruntime:undname.obj
 0002:00000998       ??_C@_0BL@LLKPOHJI@?$GAcopy?5constructor?5closure?8?$AA@ 000000018000f998     libvcruntime:undname.obj
 0002:000009b8       ??_C@_0BA@KBCDOMBN@?$GAudt?5returning?8?$AA@ 000000018000f9b8     libvcruntime:undname.obj
 0002:000009c8       ??_C@_03KLGMFNMG@?$GAEH?$AA@ 000000018000f9c8     libvcruntime:undname.obj
 0002:000009cc       ??_C@_05KHLCHHI@?$GARTTI?$AA@ 000000018000f9cc     libvcruntime:undname.obj
 0002:000009d8       ??_C@_0BA@KKLDJDLB@?$GAlocal?5vftable?8?$AA@ 000000018000f9d8     libvcruntime:undname.obj
 0002:000009e8       ??_C@_0CE@IIHCMGGL@?$GAlocal?5vftable?5constructor?5closu@ 000000018000f9e8     libvcruntime:undname.obj
 0002:00000a0c       ??_C@_06FHBGPFGH@?5new?$FL?$FN?$AA@ 000000018000fa0c     libvcruntime:undname.obj
 0002:00000a18       ??_C@_09LBNFPBCA@?5delete?$FL?$FN?$AA@ 000000018000fa18     libvcruntime:undname.obj
 0002:00000a28       ??_C@_0P@HJKNJFNN@?$GAomni?5callsig?8?$AA@ 000000018000fa28     libvcruntime:undname.obj
 0002:00000a38       ??_C@_0BL@CNOONJFP@?$GAplacement?5delete?5closure?8?$AA@ 000000018000fa38     libvcruntime:undname.obj
 0002:00000a58       ??_C@_0BN@CKNJLHMB@?$GAplacement?5delete?$FL?$FN?5closure?8?$AA@ 000000018000fa58     libvcruntime:undname.obj
 0002:00000a78       ??_C@_0CG@CFDHKGGD@?$GAmanaged?5vector?5constructor?5iter@ 000000018000fa78     libvcruntime:undname.obj
 0002:00000aa0       ??_C@_0CF@IMGKMJNO@?$GAmanaged?5vector?5destructor?5itera@ 000000018000faa0     libvcruntime:undname.obj
 0002:00000ac8       ??_C@_0CG@HLDDJMAG@?$GAeh?5vector?5copy?5constructor?5iter@ 000000018000fac8     libvcruntime:undname.obj
 0002:00000af0       ??_C@_0CM@FCBBDIGB@?$GAeh?5vector?5vbase?5copy?5constructo@ 000000018000faf0     libvcruntime:undname.obj
 0002:00000b20       ??_C@_0BL@CLIPGLGB@?$GAdynamic?5initializer?5for?5?8?$AA@ 000000018000fb20     libvcruntime:undname.obj
 0002:00000b40       ??_C@_0CB@PDBIFEP@?$GAdynamic?5atexit?5destructor?5for?5?8@ 000000018000fb40     libvcruntime:undname.obj
 0002:00000b68       ??_C@_0CD@CGAJBKEJ@?$GAvector?5copy?5constructor?5iterato@ 000000018000fb68     libvcruntime:undname.obj
 0002:00000b90       ??_C@_0CJ@GJELGAMM@?$GAvector?5vbase?5copy?5constructor?5i@ 000000018000fb90     libvcruntime:undname.obj
 0002:00000bc0       ??_C@_0CL@FGIJHLCE@?$GAmanaged?5vector?5copy?5constructor@ 000000018000fbc0     libvcruntime:undname.obj
 0002:00000bf0       ??_C@_0BM@PMGGMLDN@?$GAlocal?5static?5thread?5guard?8?$AA@ 000000018000fbf0     libvcruntime:undname.obj
 0002:00000c10       ??_C@_0N@BDNMDMOL@operator?5?$CC?$CC?5?$AA@ 000000018000fc10     libvcruntime:undname.obj
 0002:00000c20       ??_C@_0BC@GGEBGALA@operator?5co_await?$AA@ 000000018000fc20     libvcruntime:undname.obj
 0002:00000c38       ??_C@_0BC@DAFEJGAK@?5Type?5Descriptor?8?$AA@ 000000018000fc38     libvcruntime:undname.obj
 0002:00000c50       ??_C@_0BM@LDKODKLH@?5Base?5Class?5Descriptor?5at?5?$CI?$AA@ 000000018000fc50     libvcruntime:undname.obj
 0002:00000c70       ??_C@_0BD@LGICGFMM@?5Base?5Class?5Array?8?$AA@ 000000018000fc70     libvcruntime:undname.obj
 0002:00000c88       ??_C@_0BN@MECKDCOJ@?5Class?5Hierarchy?5Descriptor?8?$AA@ 000000018000fc88     libvcruntime:undname.obj
 0002:00000ca8       ??_C@_0BK@CFCOFLF@?5Complete?5Object?5Locator?8?$AA@ 000000018000fca8     libvcruntime:undname.obj
 0002:00000ce0       ??_C@_1DM@KHCHBNEB@?$AAa?$AAp?$AAi?$AA?9?$AAm?$AAs?$AA?9?$AAw?$AAi?$AAn?$AA?9?$AAc?$AAo?$AAr?$AAe?$AA?9?$AAf?$AAi?$AAb?$AAe?$AAr?$AAs?$AA?9?$AAl?$AA1?$AA?9?$AA1?$AA?9?$AA1?$AA?$AA@ 000000018000fce0     libvcruntime:winapi_downlevel.obj
 0002:00000d20       ??_C@_1DK@LPPGFMPP@?$AAa?$AAp?$AAi?$AA?9?$AAm?$AAs?$AA?9?$AAw?$AAi?$AAn?$AA?9?$AAc?$AAo?$AAr?$AAe?$AA?9?$AAs?$AAy?$AAn?$AAc?$AAh?$AA?9?$AAl?$AA1?$AA?9?$AA2?$AA?9?$AA0?$AA?$AA@ 000000018000fd20     libvcruntime:winapi_downlevel.obj
 0002:00000d60       ??_C@_1BC@GDMECMAK@?$AAk?$AAe?$AAr?$AAn?$AAe?$AAl?$AA3?$AA2?$AA?$AA@ 000000018000fd60     libvcruntime:winapi_downlevel.obj
 0002:00000d78       ??_C@_1BA@PFFKHIOG@?$AAa?$AAp?$AAi?$AA?9?$AAm?$AAs?$AA?9?$AA?$AA@ 000000018000fd78     libvcruntime:winapi_downlevel.obj
 0002:00000d88       ??_C@_1BA@IAIFMGEF@?$AAe?$AAx?$AAt?$AA?9?$AAm?$AAs?$AA?9?$AA?$AA@ 000000018000fd88     libvcruntime:winapi_downlevel.obj
 0002:00000da0       ??_C@_08KNHFBNJ@FlsAlloc?$AA@ 000000018000fda0     libvcruntime:winapi_downlevel.obj
 0002:00000db8       ??_C@_07PEJMOBNF@FlsFree?$AA@ 000000018000fdb8     libvcruntime:winapi_downlevel.obj
 0002:00000dc8       ??_C@_0M@GDNOONDI@FlsGetValue?$AA@ 000000018000fdc8     libvcruntime:winapi_downlevel.obj
 0002:00000de0       ??_C@_0M@JCPCPOEF@FlsSetValue?$AA@ 000000018000fde0     libvcruntime:winapi_downlevel.obj
 0002:00000df8       ??_C@_0BM@HCFOFFN@InitializeCriticalSectionEx?$AA@ 000000018000fdf8     libvcruntime:winapi_downlevel.obj
 0002:00000ec0       ??_7exception@std@@6B@     000000018000fec0     libvcruntime:frame.obj
 0002:00000ed0       ??_C@_0BC@EOODALEL@Unknown?5exception?$AA@ 000000018000fed0     libvcruntime:frame.obj
 0002:00000ef0       ??_7bad_exception@std@@6B@ 000000018000fef0     libvcruntime:frame.obj
 0002:00000f00       ??_C@_0O@DPKOEFFH@bad?5exception?$AA@ 000000018000ff00     libvcruntime:frame.obj
 0002:00000f10       _pDestructExceptionObject  000000018000ff10     libvcruntime:ehhelpers.obj
 0002:00000f60       __acrt_exception_action_table 000000018000ff60     libucrt:exception_filter.obj
 0002:00001020       __acrt_signal_action_table_count 0000000180010020     libucrt:exception_filter.obj
 0002:00001028       __acrt_signal_action_first_fpe_index 0000000180010028     libucrt:exception_filter.obj
 0002:00001030       __acrt_signal_action_fpe_count 0000000180010030     libucrt:exception_filter.obj
 0002:00001038       ??_C@_1BI@BGOHAHKC@?$AAm?$AAs?$AAc?$AAo?$AAr?$AAe?$AAe?$AA?4?$AAd?$AAl?$AAl?$AA?$AA@ 0000000180010038     libucrt:exit.obj
 0002:00001050       ??_C@_0P@MIGLKIOC@CorExitProcess?$AA@ 0000000180010050     libucrt:exit.obj
 0002:000012c0       __lc_time_c                00000001800102c0     libucrt:nlsdata.obj
 0002:00001580       ??_C@_03KOEHGMDN@Sun?$AA@  0000000180010580     libucrt:nlsdata.obj
 0002:00001584       ??_C@_03PDAGKDH@Mon?$AA@   0000000180010584     libucrt:nlsdata.obj
 0002:00001588       ??_C@_03NAGEINEP@Tue?$AA@  0000000180010588     libucrt:nlsdata.obj
 0002:0000158c       ??_C@_03MHOMLAJA@Wed?$AA@  000000018001058c     libucrt:nlsdata.obj
 0002:00001590       ??_C@_03IOFIKPDN@Thu?$AA@  0000000180010590     libucrt:nlsdata.obj
 0002:00001594       ??_C@_03IDIOELNC@Fri?$AA@  0000000180010594     libucrt:nlsdata.obj
 0002:00001598       ??_C@_03FEFJNEK@Sat?$AA@   0000000180010598     libucrt:nlsdata.obj
 0002:0000159c       ??_C@_06OOPIFAJ@Sunday?$AA@ 000000018001059c     libucrt:nlsdata.obj
 0002:000015a4       ??_C@_06JLEDEDGH@Monday?$AA@ 00000001800105a4     libucrt:nlsdata.obj
 0002:000015b0       ??_C@_07BAAGCFCM@Tuesday?$AA@ 00000001800105b0     libucrt:nlsdata.obj
 0002:000015b8       ??_C@_09DLIGFAKA@Wednesday?$AA@ 00000001800105b8     libucrt:nlsdata.obj
 0002:000015c8       ??_C@_08HACCIKIA@Thursday?$AA@ 00000001800105c8     libucrt:nlsdata.obj
 0002:000015d4       ??_C@_06JECMNKMI@Friday?$AA@ 00000001800105d4     libucrt:nlsdata.obj
 0002:000015e0       ??_C@_08INBOOONO@Saturday?$AA@ 00000001800105e0     libucrt:nlsdata.obj
 0002:000015ec       ??_C@_03JIHJHPIE@Jan?$AA@  00000001800105ec     libucrt:nlsdata.obj
 0002:000015f0       ??_C@_03HJBDCHOM@Feb?$AA@  00000001800105f0     libucrt:nlsdata.obj
 0002:000015f4       ??_C@_03ODNJBKGA@Mar?$AA@  00000001800105f4     libucrt:nlsdata.obj
 0002:000015f8       ??_C@_03LEOLGMJP@Apr?$AA@  00000001800105f8     libucrt:nlsdata.obj
 0002:000015fc       ??_C@_03CNMDKL@May?$AA@    00000001800105fc     libucrt:nlsdata.obj
 0002:00001600       ??_C@_03IDFGHECI@Jun?$AA@  0000000180010600     libucrt:nlsdata.obj
 0002:00001604       ??_C@_03LBGABGKK@Jul?$AA@  0000000180010604     libucrt:nlsdata.obj
 0002:00001608       ??_C@_03IFJFEIGA@Aug?$AA@  0000000180010608     libucrt:nlsdata.obj
 0002:0000160c       ??_C@_03GGCAPAJC@Sep?$AA@  000000018001060c     libucrt:nlsdata.obj
 0002:00001610       ??_C@_03BMAOKBAD@Oct?$AA@  0000000180010610     libucrt:nlsdata.obj
 0002:00001614       ??_C@_03JPJOFNIA@Nov?$AA@  0000000180010614     libucrt:nlsdata.obj
 0002:00001618       ??_C@_03MKABNOCG@Dec?$AA@  0000000180010618     libucrt:nlsdata.obj
 0002:00001620       ??_C@_07CGJPFGJA@January?$AA@ 0000000180010620     libucrt:nlsdata.obj
 0002:00001628       ??_C@_08GNJGEPFN@February?$AA@ 0000000180010628     libucrt:nlsdata.obj
 0002:00001634       ??_C@_05HPCKOFNC@March?$AA@ 0000000180010634     libucrt:nlsdata.obj
 0002:0000163c       ??_C@_05DMJDNLEJ@April?$AA@ 000000018001063c     libucrt:nlsdata.obj
 0002:00001644       ??_C@_04CNLMGBGM@June?$AA@ 0000000180010644     libucrt:nlsdata.obj
 0002:0000164c       ??_C@_04MIEPOIFP@July?$AA@ 000000018001064c     libucrt:nlsdata.obj
 0002:00001654       ??_C@_06LBBHFDDG@August?$AA@ 0000000180010654     libucrt:nlsdata.obj
 0002:00001660       ??_C@_09BHHEALKD@September?$AA@ 0000000180010660     libucrt:nlsdata.obj
 0002:00001670       ??_C@_07JJNFCEND@October?$AA@ 0000000180010670     libucrt:nlsdata.obj
 0002:00001678       ??_C@_08HCHEGEOA@November?$AA@ 0000000180010678     libucrt:nlsdata.obj
 0002:00001688       ??_C@_08EDHMEBNP@December?$AA@ 0000000180010688     libucrt:nlsdata.obj
 0002:00001694       ??_C@_02DEDBPAFC@AM?$AA@   0000000180010694     libucrt:nlsdata.obj
 0002:00001698       ??_C@_02CJNFDJBF@PM?$AA@   0000000180010698     libucrt:nlsdata.obj
 0002:000016a0       ??_C@_08BPBNCDIB@MM?1dd?1yy?$AA@ 00000001800106a0     libucrt:nlsdata.obj
 0002:000016b0       ??_C@_0BE@CKGJFCPC@dddd?0?5MMMM?5dd?0?5yyyy?$AA@ 00000001800106b0     libucrt:nlsdata.obj
 0002:000016c8       ??_C@_08JCCMCCIL@HH?3mm?3ss?$AA@ 00000001800106c8     libucrt:nlsdata.obj
 0002:000016d8       ??_C@_17MBGCMIPB@?$AAS?$AAu?$AAn?$AA?$AA@ 00000001800106d8     libucrt:nlsdata.obj
 0002:000016e0       ??_C@_17KBOMKBF@?$AAM?$AAo?$AAn?$AA?$AA@ 00000001800106e0     libucrt:nlsdata.obj
 0002:000016e8       ??_C@_17BMKGEGOJ@?$AAT?$AAu?$AAe?$AA?$AA@ 00000001800106e8     libucrt:nlsdata.obj
 0002:000016f0       ??_C@_17CJEDCEPE@?$AAW?$AAe?$AAd?$AA?$AA@ 00000001800106f0     libucrt:nlsdata.obj
 0002:000016f8       ??_C@_17PDPHAADD@?$AAT?$AAh?$AAu?$AA?$AA@ 00000001800106f8     libucrt:nlsdata.obj
 0002:00001700       ??_C@_17HFOLPPLP@?$AAF?$AAr?$AAi?$AA?$AA@ 0000000180010700     libucrt:nlsdata.obj
 0002:00001708       ??_C@_17GGIBDPIH@?$AAS?$AAa?$AAt?$AA?$AA@ 0000000180010708     libucrt:nlsdata.obj
 0002:00001710       ??_C@_1O@IHNHDHPB@?$AAS?$AAu?$AAn?$AAd?$AAa?$AAy?$AA?$AA@ 0000000180010710     libucrt:nlsdata.obj
 0002:00001720       ??_C@_1O@MMNBFLIA@?$AAM?$AAo?$AAn?$AAd?$AAa?$AAy?$AA?$AA@ 0000000180010720     libucrt:nlsdata.obj
 0002:00001730       ??_C@_1BA@ENFBFFEK@?$AAT?$AAu?$AAe?$AAs?$AAd?$AAa?$AAy?$AA?$AA@ 0000000180010730     libucrt:nlsdata.obj
 0002:00001740       ??_C@_1BE@EBOGMDOH@?$AAW?$AAe?$AAd?$AAn?$AAe?$AAs?$AAd?$AAa?$AAy?$AA?$AA@ 0000000180010740     libucrt:nlsdata.obj
 0002:00001758       ??_C@_1BC@HHMNLIHE@?$AAT?$AAh?$AAu?$AAr?$AAs?$AAd?$AAa?$AAy?$AA?$AA@ 0000000180010758     libucrt:nlsdata.obj
 0002:00001770       ??_C@_1O@PDICJHAG@?$AAF?$AAr?$AAi?$AAd?$AAa?$AAy?$AA?$AA@ 0000000180010770     libucrt:nlsdata.obj
 0002:00001780       ??_C@_1BC@ENMNNPAJ@?$AAS?$AAa?$AAt?$AAu?$AAr?$AAd?$AAa?$AAy?$AA?$AA@ 0000000180010780     libucrt:nlsdata.obj
 0002:00001798       ??_C@_17DKNBKCHM@?$AAJ?$AAa?$AAn?$AA?$AA@ 0000000180010798     libucrt:nlsdata.obj
 0002:000017a0       ??_C@_17LMDJEKJN@?$AAF?$AAe?$AAb?$AA?$AA@ 00000001800107a0     libucrt:nlsdata.obj
 0002:000017a8       ??_C@_17CKNLEDEC@?$AAM?$AAa?$AAr?$AA?$AA@ 00000001800107a8     libucrt:nlsdata.obj
 0002:000017b0       ??_C@_17LFPOIHDD@?$AAA?$AAp?$AAr?$AA?$AA@ 00000001800107b0     libucrt:nlsdata.obj
 0002:000017b8       ??_C@_17PNNKMEED@?$AAM?$AAa?$AAy?$AA?$AA@ 00000001800107b8     libucrt:nlsdata.obj
 0002:000017c0       ??_C@_17KCJGOCPB@?$AAJ?$AAu?$AAn?$AA?$AA@ 00000001800107c0     libucrt:nlsdata.obj
 0002:000017c8       ??_C@_17IJPCKHK@?$AAJ?$AAu?$AAl?$AA?$AA@ 00000001800107c8     libucrt:nlsdata.obj
 0002:000017d0       ??_C@_17ICPELBCN@?$AAA?$AAu?$AAg?$AA?$AA@ 00000001800107d0     libucrt:nlsdata.obj
 0002:000017d8       ??_C@_17HCHCOKMG@?$AAS?$AAe?$AAp?$AA?$AA@ 00000001800107d8     libucrt:nlsdata.obj
 0002:000017e0       ??_C@_17FNLKOI@?$AAO?$AAc?$AAt?$AA?$AA@ 00000001800107e0     libucrt:nlsdata.obj
 0002:000017e8       ??_C@_17BBDMLCIG@?$AAN?$AAo?$AAv?$AA?$AA@ 00000001800107e8     libucrt:nlsdata.obj
 0002:000017f0       ??_C@_17EGKACKIF@?$AAD?$AAe?$AAc?$AA?$AA@ 00000001800107f0     libucrt:nlsdata.obj
 0002:000017f8       ??_C@_1BA@EFMEIEBA@?$AAJ?$AAa?$AAn?$AAu?$AAa?$AAr?$AAy?$AA?$AA@ 00000001800107f8     libucrt:nlsdata.obj
 0002:00001808       ??_C@_1BC@JGDDFFAM@?$AAF?$AAe?$AAb?$AAr?$AAu?$AAa?$AAr?$AAy?$AA?$AA@ 0000000180010808     libucrt:nlsdata.obj
 0002:00001820       ??_C@_1M@IKEENEDF@?$AAM?$AAa?$AAr?$AAc?$AAh?$AA?$AA@ 0000000180010820     libucrt:nlsdata.obj
 0002:00001830       ??_C@_1M@GJNLMHFD@?$AAA?$AAp?$AAr?$AAi?$AAl?$AA?$AA@ 0000000180010830     libucrt:nlsdata.obj
 0002:00001840       ??_C@_19EPFLPGAP@?$AAJ?$AAu?$AAn?$AAe?$AA?$AA@ 0000000180010840     libucrt:nlsdata.obj
 0002:00001850       ??_C@_19BIFMLPCD@?$AAJ?$AAu?$AAl?$AAy?$AA?$AA@ 0000000180010850     libucrt:nlsdata.obj
 0002:00001860       ??_C@_1O@PAHLKOAC@?$AAA?$AAu?$AAg?$AAu?$AAs?$AAt?$AA?$AA@ 0000000180010860     libucrt:nlsdata.obj
 0002:00001870       ??_C@_1BE@DKAAMBJL@?$AAS?$AAe?$AAp?$AAt?$AAe?$AAm?$AAb?$AAe?$AAr?$AA?$AA@ 0000000180010870     libucrt:nlsdata.obj
 0002:00001888       ??_C@_1BA@EPANDLNG@?$AAO?$AAc?$AAt?$AAo?$AAb?$AAe?$AAr?$AA?$AA@ 0000000180010888     libucrt:nlsdata.obj
 0002:00001898       ??_C@_1BC@BGLIFPF@?$AAN?$AAo?$AAv?$AAe?$AAm?$AAb?$AAe?$AAr?$AA?$AA@ 0000000180010898     libucrt:nlsdata.obj
 0002:000018b0       ??_C@_1BC@FEMKIFH@?$AAD?$AAe?$AAc?$AAe?$AAm?$AAb?$AAe?$AAr?$AA?$AA@ 00000001800108b0     libucrt:nlsdata.obj
 0002:000018c4       ??_C@_15ODEHAHHF@?$AAA?$AAM?$AA?$AA@ 00000001800108c4     libucrt:nlsdata.obj
 0002:000018cc       ??_C@_15CLMNNGEL@?$AAP?$AAM?$AA?$AA@ 00000001800108cc     libucrt:nlsdata.obj
 0002:000018d8       ??_C@_1BC@IEBCMHCM@?$AAM?$AAM?$AA?1?$AAd?$AAd?$AA?1?$AAy?$AAy?$AA?$AA@ 00000001800108d8     libucrt:nlsdata.obj
 0002:000018f0       ??_C@_1CI@KNAKOEBC@?$AAd?$AAd?$AAd?$AAd?$AA?0?$AA?5?$AAM?$AAM?$AAM?$AAM?$AA?5?$AAd?$AAd?$AA?0?$AA?5?$AAy?$AAy?$AAy?$AAy?$AA?$AA@ 00000001800108f0     libucrt:nlsdata.obj
 0002:00001918       ??_C@_1BC@GDGBMEMK@?$AAH?$AAH?$AA?3?$AAm?$AAm?$AA?3?$AAs?$AAs?$AA?$AA@ 0000000180010918     libucrt:nlsdata.obj
 0002:00001930       ??_C@_1M@BMHNFIME@?$AAe?$AAn?$AA?9?$AAU?$AAS?$AA?$AA@ 0000000180010930     libucrt:nlsdata.obj
 0002:00001960       ??_C@_1M@HPNHIDJI@?$AAj?$AAa?$AA?9?$AAJ?$AAP?$AA?$AA@ 0000000180010960     libucrt:mbctype.obj
 0002:00001970       ??_C@_1M@BIBDDEMK@?$AAz?$AAh?$AA?9?$AAC?$AAN?$AA?$AA@ 0000000180010970     libucrt:mbctype.obj
 0002:00001980       ??_C@_1M@JLOOOEGK@?$AAk?$AAo?$AA?9?$AAK?$AAR?$AA?$AA@ 0000000180010980     libucrt:mbctype.obj
 0002:00001990       ??_C@_1M@CLNBBOPM@?$AAz?$AAh?$AA?9?$AAT?$AAW?$AA?$AA@ 0000000180010990     libucrt:mbctype.obj
 0002:00001a40       ??_C@_1EA@JGEFHKEI@?$AAa?$AAp?$AAi?$AA?9?$AAm?$AAs?$AA?9?$AAw?$AAi?$AAn?$AA?9?$AAc?$AAo?$AAr?$AAe?$AA?9?$AAd?$AAa?$AAt?$AAe?$AAt?$AAi?$AAm?$AAe?$AA?9?$AAl?$AA1?$AA?9?$AA1?$AA?9?$AA1?$AA?$AA@ 0000000180010a40     libucrt:winapi_thunks.obj
 0002:00001a80       ??_C@_1DI@IJCEHOCB@?$AAa?$AAp?$AAi?$AA?9?$AAm?$AAs?$AA?9?$AAw?$AAi?$AAn?$AA?9?$AAc?$AAo?$AAr?$AAe?$AA?9?$AAf?$AAi?$AAl?$AAe?$AA?9?$AAl?$AA1?$AA?9?$AA2?$AA?9?$AA2?$AA?$AA@ 0000000180010a80     libucrt:winapi_thunks.obj
 0002:00001ac0       ??_C@_1EI@MPIAOHOC@?$AAa?$AAp?$AAi?$AA?9?$AAm?$AAs?$AA?9?$AAw?$AAi?$AAn?$AA?9?$AAc?$AAo?$AAr?$AAe?$AA?9?$AAl?$AAo?$AAc?$AAa?$AAl?$AAi?$AAz?$AAa?$AAt?$AAi?$AAo?$AAn?$AA?9?$AAl?$AA1?$AA?9@ 0000000180010ac0     libucrt:winapi_thunks.obj
 0002:00001b10       ??_C@_1FK@FPHCKFIE@?$AAa?$AAp?$AAi?$AA?9?$AAm?$AAs?$AA?9?$AAw?$AAi?$AAn?$AA?9?$AAc?$AAo?$AAr?$AAe?$AA?9?$AAl?$AAo?$AAc?$AAa?$AAl?$AAi?$AAz?$AAa?$AAt?$AAi?$AAo?$AAn?$AA?9?$AAo?$AAb?$AAs@ 0000000180010b10     libucrt:winapi_thunks.obj
 0002:00001b70       ??_C@_1EM@DILCGIIO@?$AAa?$AAp?$AAi?$AA?9?$AAm?$AAs?$AA?9?$AAw?$AAi?$AAn?$AA?9?$AAc?$AAo?$AAr?$AAe?$AA?9?$AAp?$AAr?$AAo?$AAc?$AAe?$AAs?$AAs?$AAt?$AAh?$AAr?$AAe?$AAa?$AAd?$AAs?$AA?9?$AAl@ 0000000180010b70     libucrt:winapi_thunks.obj
 0002:00001bc0       ??_C@_1DM@LNCGDDPN@?$AAa?$AAp?$AAi?$AA?9?$AAm?$AAs?$AA?9?$AAw?$AAi?$AAn?$AA?9?$AAc?$AAo?$AAr?$AAe?$AA?9?$AAs?$AAt?$AAr?$AAi?$AAn?$AAg?$AA?9?$AAl?$AA1?$AA?9?$AA1?$AA?9?$AA0?$AA?$AA@ 0000000180010bc0     libucrt:winapi_thunks.obj
 0002:00001c00       ??_C@_1DO@FPAPJEMD@?$AAa?$AAp?$AAi?$AA?9?$AAm?$AAs?$AA?9?$AAw?$AAi?$AAn?$AA?9?$AAc?$AAo?$AAr?$AAe?$AA?9?$AAs?$AAy?$AAs?$AAi?$AAn?$AAf?$AAo?$AA?9?$AAl?$AA1?$AA?9?$AA2?$AA?9?$AA1?$AA?$AA@ 0000000180010c00     libucrt:winapi_thunks.obj
 0002:00001c40       ??_C@_1DK@NDHNAHIO@?$AAa?$AAp?$AAi?$AA?9?$AAm?$AAs?$AA?9?$AAw?$AAi?$AAn?$AA?9?$AAc?$AAo?$AAr?$AAe?$AA?9?$AAw?$AAi?$AAn?$AAr?$AAt?$AA?9?$AAl?$AA1?$AA?9?$AA1?$AA?9?$AA0?$AA?$AA@ 0000000180010c40     libucrt:winapi_thunks.obj
 0002:00001c80       ??_C@_1DM@KGHDGBCM@?$AAa?$AAp?$AAi?$AA?9?$AAm?$AAs?$AA?9?$AAw?$AAi?$AAn?$AA?9?$AAc?$AAo?$AAr?$AAe?$AA?9?$AAx?$AAs?$AAt?$AAa?$AAt?$AAe?$AA?9?$AAl?$AA2?$AA?9?$AA1?$AA?9?$AA0?$AA?$AA@ 0000000180010c80     libucrt:winapi_thunks.obj
 0002:00001cc0       ??_C@_1EO@IJIOEFOH@?$AAa?$AAp?$AAi?$AA?9?$AAm?$AAs?$AA?9?$AAw?$AAi?$AAn?$AA?9?$AAr?$AAt?$AAc?$AAo?$AAr?$AAe?$AA?9?$AAn?$AAt?$AAu?$AAs?$AAe?$AAr?$AA?9?$AAw?$AAi?$AAn?$AAd?$AAo?$AAw?$AA?9@ 0000000180010cc0     libucrt:winapi_thunks.obj
 0002:00001d10       ??_C@_1FG@HHGEKANL@?$AAa?$AAp?$AAi?$AA?9?$AAm?$AAs?$AA?9?$AAw?$AAi?$AAn?$AA?9?$AAs?$AAe?$AAc?$AAu?$AAr?$AAi?$AAt?$AAy?$AA?9?$AAs?$AAy?$AAs?$AAt?$AAe?$AAm?$AAf?$AAu?$AAn?$AAc?$AAt?$AAi@ 0000000180010d10     libucrt:winapi_thunks.obj
 0002:00001d70       ??_C@_1EG@DBIOJECG@?$AAe?$AAx?$AAt?$AA?9?$AAm?$AAs?$AA?9?$AAw?$AAi?$AAn?$AA?9?$AAn?$AAt?$AAu?$AAs?$AAe?$AAr?$AA?9?$AAd?$AAi?$AAa?$AAl?$AAo?$AAg?$AAb?$AAo?$AAx?$AA?9?$AAl?$AA1?$AA?9?$AA1@ 0000000180010d70     libucrt:winapi_thunks.obj
 0002:00001dc0       ??_C@_1EO@FIHMJCLF@?$AAe?$AAx?$AAt?$AA?9?$AAm?$AAs?$AA?9?$AAw?$AAi?$AAn?$AA?9?$AAn?$AAt?$AAu?$AAs?$AAe?$AAr?$AA?9?$AAw?$AAi?$AAn?$AAd?$AAo?$AAw?$AAs?$AAt?$AAa?$AAt?$AAi?$AAo?$AAn?$AA?9@ 0000000180010dc0     libucrt:winapi_thunks.obj
 0002:00001e10       ??_C@_1BC@DNHGCMLG@?$AAa?$AAd?$AAv?$AAa?$AAp?$AAi?$AA3?$AA2?$AA?$AA@ 0000000180010e10     libucrt:winapi_thunks.obj
 0002:00001e28       ??_C@_1M@OAIMIKLP@?$AAn?$AAt?$AAd?$AAl?$AAl?$AA?$AA@ 0000000180010e28     libucrt:winapi_thunks.obj
 0002:00001e40       ??_C@_1EG@DPGNFKGC@?$AAa?$AAp?$AAi?$AA?9?$AAm?$AAs?$AA?9?$AAw?$AAi?$AAn?$AA?9?$AAa?$AAp?$AAp?$AAm?$AAo?$AAd?$AAe?$AAl?$AA?9?$AAr?$AAu?$AAn?$AAt?$AAi?$AAm?$AAe?$AA?9?$AAl?$AA1?$AA?9?$AA1@ 0000000180010e40     libucrt:winapi_thunks.obj
 0002:00001e88       ??_C@_1O@BCCLBEOE@?$AAu?$AAs?$AAe?$AAr?$AA3?$AA2?$AA?$AA@ 0000000180010e88     libucrt:winapi_thunks.obj
 0002:00001ec8       ??_C@_0O@KKBNKAPF@LCMapStringEx?$AA@ 0000000180010ec8     libucrt:winapi_thunks.obj
 0002:00001ee0       ??_C@_0BB@HBDEELFH@LocaleNameToLCID?$AA@ 0000000180010ee0     libucrt:winapi_thunks.obj
 0002:00001ef8       ??_C@_0CF@OJOFEIGO@AppPolicyGetProcessTerminationMe@ 0000000180010ef8     libucrt:winapi_thunks.obj
 0002:00001f20       __newctype                 0000000180010f20     libucrt:ctype.obj
 0002:00002220       __newclmap                 0000000180011220     libucrt:ctype.obj
 0002:000023a0       __newcumap                 00000001800113a0     libucrt:ctype.obj
 0002:00002520       ??_C@_15PJPFLCCM@?$AAu?$AAk?$AA?$AA@ 0000000180011520     libucrt:get_qualified_locale.obj
 0002:00003370       ??_C@_15EMKDOKLE@?$AAa?$AAr?$AA?$AA@ 0000000180012370     libucrt:lcidtoname_downlevel.obj
 0002:00003378       ??_C@_15KNPADPLH@?$AAb?$AAg?$AA?$AA@ 0000000180012378     libucrt:lcidtoname_downlevel.obj
 0002:00003380       ??_C@_15EDMHLDMO@?$AAc?$AAa?$AA?$AA@ 0000000180012380     libucrt:lcidtoname_downlevel.obj
 0002:00003388       ??_C@_1O@BPEAJADD@?$AAz?$AAh?$AA?9?$AAC?$AAH?$AAS?$AA?$AA@ 0000000180012388     libucrt:lcidtoname_downlevel.obj
 0002:00003398       ??_C@_15LJNHCMNK@?$AAc?$AAs?$AA?$AA@ 0000000180012398     libucrt:lcidtoname_downlevel.obj
 0002:000033a0       ??_C@_15FOMCIDHG@?$AAd?$AAa?$AA?$AA@ 00000001800123a0     libucrt:lcidtoname_downlevel.obj
 0002:000033a8       ??_C@_15NBKABECB@?$AAd?$AAe?$AA?$AA@ 00000001800123a8     libucrt:lcidtoname_downlevel.obj
 0002:000033b0       ??_C@_15GHPEIIAO@?$AAe?$AAl?$AA?$AA@ 00000001800123b0     libucrt:lcidtoname_downlevel.obj
 0002:000033b8       ??_C@_15MNPNEAIF@?$AAe?$AAn?$AA?$AA@ 00000001800123b8     libucrt:lcidtoname_downlevel.obj
 0002:000033c0       ??_C@_15GPIOMPMH@?$AAe?$AAs?$AA?$AA@ 00000001800123c0     libucrt:lcidtoname_downlevel.obj
 0002:000033c8       ??_C@_15NGLOAKJC@?$AAf?$AAi?$AA?$AA@ 00000001800123c8     libucrt:lcidtoname_downlevel.obj
 0002:000033d0       ??_C@_15FBKGNKAM@?$AAf?$AAr?$AA?$AA@ 00000001800123d0     libucrt:lcidtoname_downlevel.obj
 0002:000033d8       ??_C@_15KGGCNEFK@?$AAh?$AAe?$AA?$AA@ 00000001800123d8     libucrt:lcidtoname_downlevel.obj
 0002:000033e0       ??_C@_15PGHLIDMF@?$AAh?$AAu?$AA?$AA@ 00000001800123e0     libucrt:lcidtoname_downlevel.obj
 0002:000033e8       ??_C@_15BIEMAPLM@?$AAi?$AAs?$AA?$AA@ 00000001800123e8     libucrt:lcidtoname_downlevel.obj
 0002:000033f0       ??_C@_15IFJLDHAF@?$AAi?$AAt?$AA?$AA@ 00000001800123f0     libucrt:lcidtoname_downlevel.obj
 0002:000033f8       ??_C@_15GEMIOCAG@?$AAj?$AAa?$AA?$AA@ 00000001800123f8     libucrt:lcidtoname_downlevel.obj
 0002:00003400       ??_C@_15EPELEGJA@?$AAk?$AAo?$AA?$AA@ 0000000180012400     libucrt:lcidtoname_downlevel.obj
 0002:00003408       ??_C@_15NDDHIMN@?$AAn?$AAl?$AA?$AA@ 0000000180012408     libucrt:lcidtoname_downlevel.obj
 0002:00003410       ??_C@_15BPIGNHCD@?$AAn?$AAo?$AA?$AA@ 0000000180012410     libucrt:lcidtoname_downlevel.obj
 0002:00003418       ??_C@_15DEOPBLCG@?$AAp?$AAl?$AA?$AA@ 0000000180012418     libucrt:lcidtoname_downlevel.obj
 0002:00003420       ??_C@_15KBECGEFG@?$AAp?$AAt?$AA?$AA@ 0000000180012420     libucrt:lcidtoname_downlevel.obj
 0002:00003428       ??_C@_15GLJCBFMD@?$AAr?$AAo?$AA?$AA@ 0000000180012428     libucrt:lcidtoname_downlevel.obj
 0002:00003430       ??_C@_15FEDGKCDI@?$AAr?$AAu?$AA?$AA@ 0000000180012430     libucrt:lcidtoname_downlevel.obj
 0002:00003438       ??_C@_15GLKMLLHM@?$AAh?$AAr?$AA?$AA@ 0000000180012438     libucrt:lcidtoname_downlevel.obj
 0002:00003440       ??_C@_15CPKMFBDB@?$AAs?$AAk?$AA?$AA@ 0000000180012440     libucrt:lcidtoname_downlevel.obj
 0002:00003448       ??_C@_15BAAIOGMK@?$AAs?$AAq?$AA?$AA@ 0000000180012448     libucrt:lcidtoname_downlevel.obj
 0002:00003450       ??_C@_15INNPNOHD@?$AAs?$AAv?$AA?$AA@ 0000000180012450     libucrt:lcidtoname_downlevel.obj
 0002:00003458       ??_C@_15CABMMOGH@?$AAt?$AAh?$AA?$AA@ 0000000180012458     libucrt:lcidtoname_downlevel.obj
 0002:00003460       ??_C@_15BPLIHJJM@?$AAt?$AAr?$AA?$AA@ 0000000180012460     libucrt:lcidtoname_downlevel.obj
 0002:00003468       ??_C@_15NEOEKKDJ@?$AAu?$AAr?$AA?$AA@ 0000000180012468     libucrt:lcidtoname_downlevel.obj
 0002:00003470       ??_C@_15NFICGAJK@?$AAi?$AAd?$AA?$AA@ 0000000180012470     libucrt:lcidtoname_downlevel.obj
 0002:00003478       ??_C@_15HPJPHDM@?$AAb?$AAe?$AA?$AA@ 0000000180012478     libucrt:lcidtoname_downlevel.obj
 0002:00003480       ??_C@_15LCHLGJII@?$AAs?$AAl?$AA?$AA@ 0000000180012480     libucrt:lcidtoname_downlevel.obj
 0002:00003488       ??_C@_15PCFJPHHO@?$AAe?$AAt?$AA?$AA@ 0000000180012488     libucrt:lcidtoname_downlevel.obj
 0002:00003490       ??_C@_15HPFPGODN@?$AAl?$AAv?$AA?$AA@ 0000000180012490     libucrt:lcidtoname_downlevel.obj
 0002:00003498       ??_C@_15NFFGKGLG@?$AAl?$AAt?$AA?$AA@ 0000000180012498     libucrt:lcidtoname_downlevel.obj
 0002:000034a0       ??_C@_15BDAKCCHN@?$AAf?$AAa?$AA?$AA@ 00000001800124a0     libucrt:lcidtoname_downlevel.obj
 0002:000034a8       ??_C@_15NFGIAIAJ@?$AAv?$AAi?$AA?$AA@ 00000001800124a8     libucrt:lcidtoname_downlevel.obj
 0002:000034b0       ??_C@_15LMKNDMHN@?$AAh?$AAy?$AA?$AA@ 00000001800124b0     libucrt:lcidtoname_downlevel.obj
 0002:000034b8       ??_C@_15IJBHMCFL@?$AAa?$AAz?$AA?$AA@ 00000001800124b8     libucrt:lcidtoname_downlevel.obj
 0002:000034c0       ??_C@_15EKOFJABL@?$AAe?$AAu?$AA?$AA@ 00000001800124c0     libucrt:lcidtoname_downlevel.obj
 0002:000034c8       ??_C@_15BGHADCNK@?$AAm?$AAk?$AA?$AA@ 00000001800124c8     libucrt:lcidtoname_downlevel.obj
 0002:000034d0       ??_C@_15JDNICKHM@?$AAa?$AAf?$AA?$AA@ 00000001800124d0     libucrt:lcidtoname_downlevel.obj
 0002:000034d8       ??_C@_15KPJEDBKD@?$AAk?$AAa?$AA?$AA@ 00000001800124d8     libucrt:lcidtoname_downlevel.obj
 0002:000034e0       ??_C@_15PDNFFFEO@?$AAf?$AAo?$AA?$AA@ 00000001800124e0     libucrt:lcidtoname_downlevel.obj
 0002:000034e8       ??_C@_15OMLEGLOC@?$AAh?$AAi?$AA?$AA@ 00000001800124e8     libucrt:lcidtoname_downlevel.obj
 0002:000034f0       ??_C@_15IDNNENKK@?$AAm?$AAs?$AA?$AA@ 00000001800124f0     libucrt:lcidtoname_downlevel.obj
 0002:000034f8       ??_C@_15MACJNBMH@?$AAk?$AAk?$AA?$AA@ 00000001800124f8     libucrt:lcidtoname_downlevel.obj
 0002:00003500       ??_C@_15DKDJEOND@?$AAk?$AAy?$AA?$AA@ 0000000180012500     libucrt:lcidtoname_downlevel.obj
 0002:00003508       ??_C@_15DFGDLJBG@?$AAs?$AAw?$AA?$AA@ 0000000180012508     libucrt:lcidtoname_downlevel.obj
 0002:00003510       ??_C@_15BBFAICNG@?$AAu?$AAz?$AA?$AA@ 0000000180012510     libucrt:lcidtoname_downlevel.obj
 0002:00003518       ??_C@_15DKNDCGEA@?$AAt?$AAt?$AA?$AA@ 0000000180012518     libucrt:lcidtoname_downlevel.obj
 0002:00003520       ??_C@_15MGIFMDPL@?$AAp?$AAa?$AA?$AA@ 0000000180012520     libucrt:lcidtoname_downlevel.obj
 0002:00003528       ??_C@_15HCNDBBA@?$AAg?$AAu?$AA?$AA@ 0000000180012528     libucrt:lcidtoname_downlevel.obj
 0002:00003530       ??_C@_15FNBEIBON@?$AAt?$AAa?$AA?$AA@ 0000000180012530     libucrt:lcidtoname_downlevel.obj
 0002:00003538       ??_C@_15NCHGBGLK@?$AAt?$AAe?$AA?$AA@ 0000000180012538     libucrt:lcidtoname_downlevel.obj
 0002:00003540       ??_C@_15PHPHCBPF@?$AAk?$AAn?$AA?$AA@ 0000000180012540     libucrt:lcidtoname_downlevel.obj
 0002:00003548       ??_C@_15DLGBCKMP@?$AAm?$AAr?$AA?$AA@ 0000000180012548     libucrt:lcidtoname_downlevel.obj
 0002:00003550       ??_C@_15EABBLBFF@?$AAs?$AAa?$AA?$AA@ 0000000180012550     libucrt:lcidtoname_downlevel.obj
 0002:00003558       ??_C@_15CBKOMCOI@?$AAm?$AAn?$AA?$AA@ 0000000180012558     libucrt:lcidtoname_downlevel.obj
 0002:00003560       ??_C@_15CKDMCJAF@?$AAg?$AAl?$AA?$AA@ 0000000180012560     libucrt:lcidtoname_downlevel.obj
 0002:00003568       ??_C@_17CNJFBPG@?$AAk?$AAo?$AAk?$AA?$AA@ 0000000180012568     libucrt:lcidtoname_downlevel.obj
 0002:00003570       ??_C@_17FFBJICPL@?$AAs?$AAy?$AAr?$AA?$AA@ 0000000180012570     libucrt:lcidtoname_downlevel.obj
 0002:00003578       ??_C@_17KPNDCPAF@?$AAd?$AAi?$AAv?$AA?$AA@ 0000000180012578     libucrt:lcidtoname_downlevel.obj
 0002:00003580       ??_C@_11LOCGONAA@?$AA?$AA@ 0000000180012580     libucrt:lcidtoname_downlevel.obj
 0002:00003588       ??_C@_1M@OKAHONE@?$AAa?$AAr?$AA?9?$AAS?$AAA?$AA?$AA@ 0000000180012588     libucrt:lcidtoname_downlevel.obj
 0002:00003598       ??_C@_1M@FFFIGIGK@?$AAb?$AAg?$AA?9?$AAB?$AAG?$AA?$AA@ 0000000180012598     libucrt:lcidtoname_downlevel.obj
 0002:000035a8       ??_C@_1M@BJNKEDC@?$AAc?$AAa?$AA?9?$AAE?$AAS?$AA?$AA@ 00000001800125a8     libucrt:lcidtoname_downlevel.obj
 0002:000035b8       ??_C@_1M@IJJHFJHA@?$AAc?$AAs?$AA?9?$AAC?$AAZ?$AA?$AA@ 00000001800125b8     libucrt:lcidtoname_downlevel.obj
 0002:000035c8       ??_C@_1M@CLPEOBGI@?$AAd?$AAa?$AA?9?$AAD?$AAK?$AA?$AA@ 00000001800125c8     libucrt:lcidtoname_downlevel.obj
 0002:000035d8       ??_C@_1M@MCMADGCB@?$AAd?$AAe?$AA?9?$AAD?$AAE?$AA?$AA@ 00000001800125d8     libucrt:lcidtoname_downlevel.obj
 0002:000035e8       ??_C@_1M@OOCKEMAM@?$AAe?$AAl?$AA?9?$AAG?$AAR?$AA?$AA@ 00000001800125e8     libucrt:lcidtoname_downlevel.obj
 0002:000035f8       ??_C@_1M@DDNJFGID@?$AAf?$AAi?$AA?9?$AAF?$AAI?$AA?$AA@ 00000001800125f8     libucrt:lcidtoname_downlevel.obj
 0002:00003608       ??_C@_1M@GLIPPMAC@?$AAf?$AAr?$AA?9?$AAF?$AAR?$AA?$AA@ 0000000180012608     libucrt:lcidtoname_downlevel.obj
 0002:00003618       ??_C@_1M@GFMCHPE@?$AAh?$AAe?$AA?9?$AAI?$AAL?$AA?$AA@ 0000000180012618     libucrt:lcidtoname_downlevel.obj
[...]
 0004:00000930       $pdata$__acrt_initialize_lowio 000000018001b930     libucrt:ioinit.obj
 0004:0000093c       $pdata$__acrt_uninitialize_lowio 000000018001b93c     libucrt:ioinit.obj
 0004:00000948       $pdata$__acrt_execute_initializers 000000018001b948     libucrt:shared_initialization.obj
 0004:00000954       $pdata$__acrt_execute_uninitializers 000000018001b954     libucrt:shared_initialization.obj
 0004:00000960       $pdata$_callnewh           000000018001b960     libucrt:new_handler.obj
 0004:0000096c       $pdata$_query_new_handler  000000018001b96c     libucrt:new_handler.obj
 0004:00000978       $pdata$??$?RV<lambda_450d765d439847d4c735a33c368b5fc0>@@AEAV<lambda_44731a7d0e6d81c3e6aa82d741081786>@@V<lambda_601a2a7da3b7a96e9554ac7215c4b07c>@@@?$__crt_seh_guarded_call@P6AXH@Z@@QEAAP6AXH@Z$$QEAV<lambda_450d765d439847d4c735a33c368b5fc0>@@AEAV<lambda_44731a7d0e6d81c3e6aa82d741081786>@@$$QEAV<lambda_601a2a7da3b7a96e9554ac7215c4b07c>@@@Z 000000018001b978     libucrt:signal.obj
 0004:00000984       $pdata$__acrt_get_sigabrt_handler 000000018001b984     libucrt:signal.obj
 0004:00000990       $pdata$raise               000000018001b990     libucrt:signal.obj
 0004:0000099c       $pdata$??$?RV<lambda_842d9ff0dc9ef11c61343bbaebe7f885>@@AEAV<lambda_c5860995281e5c4ce005b3de8f5874ee>@@V<lambda_d90129c13df834fdcbf8d2b88dafcf2d>@@@?$__crt_seh_guarded_call@X@@QEAAX$$QEAV<lambda_842d9ff0dc9ef11c61343bbaebe7f885>@@AEAV<lambda_c5860995281e5c4ce005b3de8f5874ee>@@$$QEAV<lambda_d90129c13df834fdcbf8d2b88dafcf2d>@@@Z 000000018001b99c     libucrt:fflush.obj
 0004:000009a8       $pdata$??$?RV<lambda_886d6c58226a84441f68b9f2b8217b83>@@AEAV<lambda_ab61a845afdef5b7c387490eaf3616ee>@@V<lambda_f7f22ab5edc0698d5f6905b0d3f44752>@@@?$__crt_seh_guarded_call@X@@QEAAX$$QEAV<lambda_886d6c58226a84441f68b9f2b8217b83>@@AEAV<lambda_ab61a845afdef5b7c387490eaf3616ee>@@$$QEAV<lambda_f7f22ab5edc0698d5f6905b0d3f44752>@@@Z 000000018001b9a8     libucrt:fflush.obj
 0004:000009b4       $pdata$?common_flush_all@@YAH_N@Z 000000018001b9b4     libucrt:fflush.obj
 0004:000009c0       $pdata$__acrt_stdio_flush_nolock 000000018001b9c0     libucrt:fflush.obj
 0004:000009cc       $pdata$_fflush_nolock      000000018001b9cc     libucrt:fflush.obj
 0004:000009d8       $pdata$__acrt_initialize_stdio 000000018001b9d8     libucrt:_file.obj
 0004:000009e4       $pdata$__acrt_uninitialize_stdio 000000018001b9e4     libucrt:_file.obj
 0004:000009f0       $pdata$_malloc_base        000000018001b9f0     libucrt:malloc_base.obj
 0004:000009fc       $pdata$_mbtowc_l           000000018001b9fc     libucrt:mbtowc.obj
 0004:00000a08       $pdata$_fileno             000000018001ba08     libucrt:fileno.obj
 0004:00000a14       $pdata$__pctype_func       000000018001ba14     libucrt:ctype.obj
 0004:00000a20       $pdata$_isleadbyte_l       000000018001ba20     libucrt:_wctype.obj
 0004:00000a2c       $pdata$?__acrt_LCMapStringA_stat@@YAHPEAU__crt_locale_pointers@@PEB_WKPEBDHPEADHHH@Z 000000018001ba2c     libucrt:lcmapstringa.obj
 0004:00000a38       $pdata$__acrt_LCMapStringA 000000018001ba38     libucrt:lcmapstringa.obj
 0004:00000a44       $pdata$__acrt_free_locale  000000018001ba44     libucrt:locale_refcounting.obj
 0004:00000a50       $pdata$__acrt_locale_free_lc_time_if_unreferenced 000000018001ba50     libucrt:locale_refcounting.obj
 0004:00000a5c       $pdata$__acrt_release_locale_ref 000000018001ba5c     libucrt:locale_refcounting.obj
 0004:00000a68       $pdata$__acrt_update_thread_locale_data 000000018001ba68     libucrt:locale_refcounting.obj
 0004:00000a74       $pdata$_updatetlocinfoEx_nolock 000000018001ba74     libucrt:locale_refcounting.obj
 0004:00000a80       $pdata$__acrt_locale_free_monetary 000000018001ba80     libucrt:initmon.obj
 0004:00000a8c       $pdata$__acrt_locale_free_numeric 000000018001ba8c     libucrt:initnum.obj
 0004:00000a98       $pdata$?free_crt_array_internal@@YAXQEAPEBX_K@Z 000000018001ba98     libucrt:inittime.obj
 0004:00000aa4       $pdata$__acrt_locale_free_time 000000018001baa4     libucrt:inittime.obj
 0004:00000ab0       $pdata$__acrt_GetStringTypeA 000000018001bab0     libucrt:getstringtypea.obj
 0004:00000abc       $pdata$qsort               000000018001babc     libucrt:qsort.obj
 0004:00000ac8       $pdata$4$qsort             000000018001bac8     libucrt:qsort.obj
 0004:00000ad4       $pdata$5$qsort             000000018001bad4     libucrt:qsort.obj
 0004:00000ae0       $pdata$strncpy_s           000000018001bae0     libucrt:strncpy_s.obj
 0004:00000aec       $pdata$fallbackMethod      000000018001baec     libucrt:strpbrk.obj
 0004:00000af8       $pdata$strpbrk             000000018001baf8     libucrt:strpbrk.obj
 0004:00000b04       $pdata$??$__acrt_convert_wcs_mbs@D_W$$A6A_KPEA_WPEBD_KPEAU__crt_locale_pointers@@@ZU__crt_win32_buffer_internal_dynamic_resizing@@@@YAHQEBDAEAV?$__crt_win32_buffer@_WU__crt_win32_buffer_internal_dynamic_resizing@@@@A6A_KPEA_WPEBD_KPEAU__crt_locale_pointers@@@Z5@Z 000000018001bb04     libucrt:findfirstfileexa.obj
 0004:00000b10       $pdata$__acrt_FindFirstFileExA 000000018001bb10     libucrt:findfirstfileexa.obj
 0004:00000b1c       $pdata$??$__acrt_convert_wcs_mbs@_WD$$A6A_KPEADPEB_W_KPEAU__crt_locale_pointers@@@ZU__crt_win32_buffer_no_resizing@@@@YAHQEB_WAEAV?$__crt_win32_buffer@DU__crt_win32_buffer_no_resizing@@@@A6A_KPEADPEB_W_KPEAU__crt_locale_pointers@@@Z5@Z 000000018001bb1c     libucrt:findnextfilea.obj
 0004:00000b28       $pdata$__acrt_FindNextFileA 000000018001bb28     libucrt:findnextfilea.obj
 0004:00000b34       $pdata$_mbsdec_l           000000018001bb34     libucrt:mbsdec.obj
 0004:00000b40       $pdata$?_mbstowcs_l_helper@@YA_KPEA_WPEBD_KPEAU__crt_locale_pointers@@@Z 000000018001bb40     libucrt:mbstowcs.obj
 0004:00000b4c       $pdata$?initialize_multibyte@@YAHXZ 000000018001bb4c     libucrt:multibyte_initializer.obj
 0004:00000b58       $pdata$_msize_base         000000018001bb58     libucrt:msize.obj
 0004:00000b64       $pdata$_realloc_base       000000018001bb64     libucrt:realloc_base.obj
 0004:00000b70       $pdata$?GetTableIndexFromLocaleName@@YAHPEB_W@Z 000000018001bb70     libucrt:lcidtoname_downlevel.obj
 0004:00000b7c       $pdata$__acrt_DownlevelLocaleNameToLCID 000000018001bb7c     libucrt:lcidtoname_downlevel.obj
 0004:00000b88       $pdata$__acrt_lowio_create_handle_array 000000018001bb88     libucrt:osfinfo.obj
 0004:00000b94       $pdata$__acrt_lowio_destroy_handle_array 000000018001bb94     libucrt:osfinfo.obj
 0004:00000ba0       $pdata$__acrt_lowio_ensure_fh_exists 000000018001bba0     libucrt:osfinfo.obj
 0004:00000bac       $pdata$_free_osfhnd        000000018001bbac     libucrt:osfinfo.obj
 0004:00000bb8       $pdata$_get_osfhandle      000000018001bbb8     libucrt:osfinfo.obj
 0004:00000bc4       $pdata$??$?RV<lambda_a37b2b86f63e897a80ea819b0eb08c01>@@AEAV<lambda_38ce7e780aa69e748d6df282ebc68efe>@@V<lambda_99fb1378e971ab6e7edea83e3a7a83a2>@@@?$__crt_seh_guarded_call@H@@QEAAH$$QEAV<lambda_a37b2b86f63e897a80ea819b0eb08c01>@@AEAV<lambda_38ce7e780aa69e748d6df282ebc68efe>@@$$QEAV<lambda_99fb1378e971ab6e7edea83e3a7a83a2>@@@Z 000000018001bbc4     libucrt:commit.obj
 0004:00000bd0       $pdata$_commit             000000018001bbd0     libucrt:commit.obj
 0004:00000bdc       $pdata$?write_double_translated_ansi_nolock@@YA?AUwrite_result@?A0x17268360@@HQEBDI@Z 000000018001bbdc     libucrt:write.obj
 0004:00000be8       $pdata$?write_text_ansi_nolock@@YA?AUwrite_result@?A0x17268360@@HQEBDI@Z 000000018001bbe8     libucrt:write.obj
 0004:00000bf4       $pdata$?write_text_utf16le_nolock@@YA?AUwrite_result@?A0x17268360@@HQEBDI@Z 000000018001bbf4     libucrt:write.obj
 0004:00000c00       $pdata$?write_text_utf8_nolock@@YA?AUwrite_result@?A0x17268360@@HQEBDI@Z 000000018001bc00     libucrt:write.obj
 0004:00000c0c       $pdata$_write              000000018001bc0c     libucrt:write.obj
 0004:00000c18       $pdata$_write_nolock       000000018001bc18     libucrt:write.obj
 0004:00000c24       $pdata$_fcloseall          000000018001bc24     libucrt:closeall.obj
 0004:00000c30       $pdata$__acrt_stdio_free_buffer_nolock 000000018001bc30     libucrt:_freebuf.obj
 0004:00000c3c       $pdata$_isatty             000000018001bc3c     libucrt:isatty.obj
 0004:00000c48       $pdata$?__mbrtowc_utf8@__crt_mbstring@@YA_KPEA_WPEBD_KPEAU_Mbstatet@@@Z 000000018001bc48     libucrt:mbrtowc.obj
 0004:00000c54       $pdata$?__mbsrtowcs_utf8@__crt_mbstring@@YA_KPEA_WPEAPEBD_KPEAU_Mbstatet@@@Z 000000018001bc54     libucrt:mbrtowc.obj
 0004:00000c60       $pdata$?_wcstombs_l_helper@@YA_KPEADPEB_W_KPEAU__crt_locale_pointers@@@Z 000000018001bc60     libucrt:wcstombs.obj
 0004:00000c6c       $pdata$??$common_lseek_nolock@_J@@YA_JH_JH@Z 000000018001bc6c     libucrt:lseek.obj
 0004:00000c78       $pdata$_putwch_nolock      000000018001bc78     libucrt:putwch.obj
 0004:00000c84       $pdata$_fclose_nolock      000000018001bc84     libucrt:fclose.obj
 0004:00000c90       $pdata$fclose              000000018001bc90     libucrt:fclose.obj
 0004:00000c9c       $pdata$?__mbrtoc32_utf8@__crt_mbstring@@YA_KPEA_UPEBD_KPEAU_Mbstatet@@@Z 000000018001bc9c     libucrt:mbrtoc32.obj
 0004:00000cb4       $pdata$?__wcsrtombs_utf8@__crt_mbstring@@YA_KPEADPEAPEB_W_KPEAU_Mbstatet@@@Z 000000018001bcb4     libucrt:wcrtomb.obj
 0004:00000cc0       $pdata$__dcrt_lowio_ensure_console_output_initialized 000000018001bcc0     libucrt:initcon.obj
 0004:00000ccc       $pdata$__dcrt_terminate_console_output 000000018001bccc     libucrt:initcon.obj
 0004:00000cd8       $pdata$__dcrt_write_console 000000018001bcd8     libucrt:initcon.obj
 0004:00000ce4       $pdata$??$?RV<lambda_751a882b2c74d4b022dec766aa51a29a>@@AEAV<lambda_628dfdc04ba53c8bfc02c9951375f3f5>@@V<lambda_f6c7be5f7998530c34de24c7437d6b54>@@@?$__crt_seh_guarded_call@H@@QEAAH$$QEAV<lambda_751a882b2c74d4b022dec766aa51a29a>@@AEAV<lambda_628dfdc04ba53c8bfc02c9951375f3f5>@@$$QEAV<lambda_f6c7be5f7998530c34de24c7437d6b54>@@@Z 000000018001bce4     libucrt:close.obj
 0004:00000cf0       $pdata$_close              000000018001bcf0     libucrt:close.obj
 0004:00000cfc       $pdata$_close_nolock       000000018001bcfc     libucrt:close.obj
 0004:00000d08       $pdata$_call_matherr       000000018001bd08     libucrt:libm_error.obj
 0004:00000d14       $pdata$_exception_enabled  000000018001bd14     libucrt:libm_error.obj
 0004:00000d20       $pdata$_handle_error       000000018001bd20     libucrt:libm_error.obj
 0004:00000d2c       $pdata$__acrt_initialize_fma3 000000018001bd2c     libucrt:fma3_available.obj
 0004:00000d38       $pdata$_log10_special      000000018001bd38     libucrt:log_special.obj
 0004:00000d44       $pdata$_log_special_common 000000018001bd44     libucrt:log_special.obj
 0004:00000d50       $pdata$?__c16rtomb_utf8@__crt_mbstring@@YA_KPEAD_SPEAU_Mbstatet@@@Z 000000018001bd50     libucrt:c16rtomb.obj
 0004:00000d68       $pdata$_raise_exc          000000018001bd68     libucrt:fpexcept.obj
 0004:00000d74       $pdata$_raise_exc_ex       000000018001bd74     libucrt:fpexcept.obj
 0004:00000d80       $pdata$_set_errno_from_matherr 000000018001bd80     libucrt:fpexcept.obj
 0004:00000d8c       $pdata$_clrfp              000000018001bd8c     libucrt:fpctrl.obj
 0004:00000d98       $pdata$_ctrlfp             000000018001bd98     libucrt:fpctrl.obj
 0004:00000da4       $pdata$_set_statfp         000000018001bda4     libucrt:fpctrl.obj
 0004:00000db0       $pdata$_statfp             000000018001bdb0     libucrt:fpctrl.obj
 0004:00000dbc       $pdata$?__c32rtomb_utf8@__crt_mbstring@@YA_KPEAD_UPEAU_Mbstatet@@@Z 000000018001bdbc     libucrt:c32rtomb.obj
 0004:00000dc8       $pdata$_IsNonwritableInCurrentImage 000000018001bdc8     LIBCMT:pesect.obj
 0004:00000dd4       $pdata$__GSHandlerCheck    000000018001bdd4     LIBCMT:_gshandler_.obj
 0004:00000de0       $pdata$__GSHandlerCheckCommon 000000018001bde0     LIBCMT:_gshandler_.obj
 0004:00000dec       $pdata$??_Gtype_info@@UEAAPEAXI@Z 000000018001bdec     LIBCMT:std_type_info_static.obj
 0004:00000e04       $pdata$__GSHandlerCheck_EH 000000018001be04     LIBCMT:gshandlereh.obj
 0004:00000e28       $pdata$?fin$0@?0??dllmain_crt_process_attach@@YAHQEAUHINSTANCE__@@QEAX@Z@4HA 000000018001be28     LIBCMT:dll_dllmain.obj
 0004:00000e34       $pdata$?fin$0@?0??dllmain_crt_process_detach@@YAH_N@Z@4HA 000000018001be34     LIBCMT:dll_dllmain.obj
 0004:00000e40       $pdata$?filt$0@?0??dllmain_dispatch@@YAHQEAUHINSTANCE__@@KQEAX@Z@4HA 000000018001be40     LIBCMT:dll_dllmain.obj
 0004:00000e4c       $pdata$__scrt_is_nonwritable_in_current_image$filt$0 000000018001be4c     LIBCMT:utility.obj
 0004:00000e58       $pdata$_CallSETranslator$filt$0 000000018001be58     libvcruntime:risctrnsctrl.obj
 0004:00000e64       $pdata$__CxxCallCatchBlock$filt$0 000000018001be64     libvcruntime:frame.obj
 0004:00000e70       $pdata$__CxxCallCatchBlock$fin$1 000000018001be70     libvcruntime:frame.obj
 0004:00000e7c       $pdata$__FrameUnwindToState$filt$0 000000018001be7c     libvcruntime:frame.obj
 0004:00000e88       $pdata$__FrameUnwindToState$fin$1 000000018001be88     libvcruntime:frame.obj
 0004:00000e94       $pdata$__DestructExceptionObject$filt$0 000000018001be94     libvcruntime:ehhelpers.obj
 0004:00000ea0       $pdata$?fin$0@?0???$?RV<lambda_7777bce6b2f8c936911f934f8298dc43>@@AEAV<lambda_f03950bc5685219e0bcd2087efbe011e>@@V<lambda_3883c3dff614d5e0c5f61bb1ac94921c>@@@?$__crt_seh_guarded_call@H@@QEAAH$$QEAV<lambda_7777bce6b2f8c936911f934f8298dc43>@@AEAV<lambda_f03950bc5685219e0bcd2087efbe011e>@@$$QEAV<lambda_3883c3dff614d5e0c5f61bb1ac94921c>@@@Z@4HA 000000018001bea0     libucrt:onexit.obj
 0004:00000ea0       $pdata$?fin$0@?0???$?RV<lambda_d80eeec6fff315bfe5c115232f3240e3>@@AEAV<lambda_6e4b09c48022b2350581041d5f6b0c4c>@@V<lambda_2358e3775559c9db80273638284d5e45>@@@?$__crt_seh_guarded_call@X@@QEAAX$$QEAV<lambda_d80eeec6fff315bfe5c115232f3240e3>@@AEAV<lambda_6e4b09c48022b2350581041d5f6b0c4c>@@$$QEAV<lambda_2358e3775559c9db80273638284d5e45>@@@Z@4HA 000000018001bea0     libucrt:exit.obj
 0004:00000ea0       $pdata$?fin$0@?0???$?RV<lambda_2d41944a1d46af3157314b8a01080d33>@@AEAV<lambda_8f455de75cd7d7f24b4096f044d8b9e6>@@V<lambda_aa500f224e6afead328df44964fe2772>@@@?$__crt_seh_guarded_call@X@@QEAAX$$QEAV<lambda_2d41944a1d46af3157314b8a01080d33>@@AEAV<lambda_8f455de75cd7d7f24b4096f044d8b9e6>@@$$QEAV<lambda_aa500f224e6afead328df44964fe2772>@@@Z@4HA 000000018001bea0     libucrt:per_thread_data.obj
 0004:00000ea0       $pdata$?fin$0@?0???$?RV<lambda_0ae27a3a962d80f24befdcbee591983d>@@AEAV<lambda_8d0ee55de4b1038c4002e0adecdf1839>@@V<lambda_dc504788e8f1664fe9b84e20bfb512f2>@@@?$__crt_seh_guarded_call@X@@QEAAX$$QEAV<lambda_0ae27a3a962d80f24befdcbee591983d>@@AEAV<lambda_8d0ee55de4b1038c4002e0adecdf1839>@@$$QEAV<lambda_dc504788e8f1664fe9b84e20bfb512f2>@@@Z@4HA 000000018001bea0     libucrt:per_thread_data.obj
 0004:00000ea0       $pdata$?fin$0@?0???$?RV<lambda_450d765d439847d4c735a33c368b5fc0>@@AEAV<lambda_44731a7d0e6d81c3e6aa82d741081786>@@V<lambda_601a2a7da3b7a96e9554ac7215c4b07c>@@@?$__crt_seh_guarded_call@P6AXH@Z@@QEAAP6AXH@Z$$QEAV<lambda_450d765d439847d4c735a33c368b5fc0>@@AEAV<lambda_44731a7d0e6d81c3e6aa82d741081786>@@$$QEAV<lambda_601a2a7da3b7a96e9554ac7215c4b07c>@@@Z@4HA 000000018001bea0     libucrt:signal.obj
 0004:00000ea0       $pdata$?fin$0@?0???$?RV<lambda_aa87e3671a710a21b5dc78c0bdf72e11>@@AEAV<lambda_92619d2358a28f41a33ba319515a20b9>@@V<lambda_6992ecaafeb10aed2b74cb1fae11a551>@@@?$__crt_seh_guarded_call@X@@QEAAX$$QEAV<lambda_aa87e3671a710a21b5dc78c0bdf72e11>@@AEAV<lambda_92619d2358a28f41a33ba319515a20b9>@@$$QEAV<lambda_6992ecaafeb10aed2b74cb1fae11a551>@@@Z@4HA 000000018001bea0     libucrt:per_thread_data.obj
 0004:00000ea0       $pdata$?fin$0@?0???$?RV<lambda_f2e299630e499de9f9a165e60fcd3db5>@@AEAV<lambda_2ae9d31cdba2644fcbeaf08da7c24588>@@V<lambda_40d01ff24d0e7b3814fdbdcee8eab3c7>@@@?$__crt_seh_guarded_call@X@@QEAAX$$QEAV<lambda_f2e299630e499de9f9a165e60fcd3db5>@@AEAV<lambda_2ae9d31cdba2644fcbeaf08da7c24588>@@$$QEAV<lambda_40d01ff24d0e7b3814fdbdcee8eab3c7>@@@Z@4HA 000000018001bea0     libucrt:per_thread_data.obj
 0004:00000ea0       $pdata$?fin$0@?0???$?RV<lambda_efdfa57d1f175319df784efa44bb7b81>@@AEAV<lambda_5f0a4c1567f8adc6734073e5d1e1b35c>@@V<lambda_2e8a7d3640ea6ccb4c2413664c2db6fd>@@@?$__crt_seh_guarded_call@X@@QEAAX$$QEAV<lambda_efdfa57d1f175319df784efa44bb7b81>@@AEAV<lambda_5f0a4c1567f8adc6734073e5d1e1b35c>@@$$QEAV<lambda_2e8a7d3640ea6ccb4c2413664c2db6fd>@@@Z@4HA 000000018001bea0     libucrt:mbctype.obj
 0004:00000eac       $pdata$?filt$0@?0???R<lambda_6e4b09c48022b2350581041d5f6b0c4c>@@QEBA@XZ@4HA 000000018001beac     libucrt:exit.obj
 0004:00000eb8       $pdata$?fin$0@?0???$?RV<lambda_410d79af7f07d98d83a3f525b3859a53>@@AEAV<lambda_3e16ef9562a7dcce91392c22ab16ea36>@@V<lambda_38119f0e861e05405d8a144b9b982f0a>@@@?$__crt_seh_guarded_call@X@@QEAAX$$QEAV<lambda_410d79af7f07d98d83a3f525b3859a53>@@AEAV<lambda_3e16ef9562a7dcce91392c22ab16ea36>@@$$QEAV<lambda_38119f0e861e05405d8a144b9b982f0a>@@@Z@4HA 000000018001beb8     libucrt:wsetlocale.obj
 0004:00000ec4       $pdata$?fin$0@?0??update_thread_multibyte_data_internal@@YAPEAU__crt_multibyte_data@@QEAU__acrt_ptd@@QEAPEAU1@@Z@4HA 000000018001bec4     libucrt:mbctype.obj
 0004:00000ed0       $pdata$__acrt_lowio_ensure_fh_exists$fin$0 000000018001bed0     libucrt:osfinfo.obj
 0004:00000ed0       $pdata$__acrt_initialize_lowio$fin$0 000000018001bed0     libucrt:ioinit.obj
 0004:00000edc       $pdata$_query_new_handler$fin$0 000000018001bedc     libucrt:new_handler.obj
 0004:00000ee8       $pdata$raise$fin$0         000000018001bee8     libucrt:signal.obj
 0004:00000ef4       $pdata$?fin$0@?0???$?RV<lambda_842d9ff0dc9ef11c61343bbaebe7f885>@@AEAV<lambda_c5860995281e5c4ce005b3de8f5874ee>@@V<lambda_d90129c13df834fdcbf8d2b88dafcf2d>@@@?$__crt_seh_guarded_call@X@@QEAAX$$QEAV<lambda_842d9ff0dc9ef11c61343bbaebe7f885>@@AEAV<lambda_c5860995281e5c4ce005b3de8f5874ee>@@$$QEAV<lambda_d90129c13df834fdcbf8d2b88dafcf2d>@@@Z@4HA 000000018001bef4     libucrt:fflush.obj
 0004:00000f00       $pdata$?fin$0@?0???$?RV<lambda_886d6c58226a84441f68b9f2b8217b83>@@AEAV<lambda_ab61a845afdef5b7c387490eaf3616ee>@@V<lambda_f7f22ab5edc0698d5f6905b0d3f44752>@@@?$__crt_seh_guarded_call@X@@QEAAX$$QEAV<lambda_886d6c58226a84441f68b9f2b8217b83>@@AEAV<lambda_ab61a845afdef5b7c387490eaf3616ee>@@$$QEAV<lambda_f7f22ab5edc0698d5f6905b0d3f44752>@@@Z@4HA 000000018001bf00     libucrt:fflush.obj
 0004:00000f0c       $pdata$__acrt_update_thread_locale_data$fin$0 000000018001bf0c     libucrt:locale_refcounting.obj
 0004:00000f18       $pdata$?fin$0@?0???$?RV<lambda_a37b2b86f63e897a80ea819b0eb08c01>@@AEAV<lambda_38ce7e780aa69e748d6df282ebc68efe>@@V<lambda_99fb1378e971ab6e7edea83e3a7a83a2>@@@?$__crt_seh_guarded_call@H@@QEAAH$$QEAV<lambda_a37b2b86f63e897a80ea819b0eb08c01>@@AEAV<lambda_38ce7e780aa69e748d6df282ebc68efe>@@$$QEAV<lambda_99fb1378e971ab6e7edea83e3a7a83a2>@@@Z@4HA 000000018001bf18     libucrt:commit.obj
 0004:00000f18       $pdata$?fin$0@?0???$?RV<lambda_751a882b2c74d4b022dec766aa51a29a>@@AEAV<lambda_628dfdc04ba53c8bfc02c9951375f3f5>@@V<lambda_f6c7be5f7998530c34de24c7437d6b54>@@@?$__crt_seh_guarded_call@H@@QEAAH$$QEAV<lambda_751a882b2c74d4b022dec766aa51a29a>@@AEAV<lambda_628dfdc04ba53c8bfc02c9951375f3f5>@@$$QEAV<lambda_f6c7be5f7998530c34de24c7437d6b54>@@@Z@4HA 000000018001bf18     libucrt:close.obj
 0004:00000f24       $pdata$_write$fin$0        000000018001bf24     libucrt:write.obj
 0004:00000f30       $pdata$_fcloseall$fin$0    000000018001bf30     libucrt:closeall.obj
 0004:00000f3c       $pdata$fclose$fin$0        000000018001bf3c     libucrt:fclose.obj
 0004:00000f48       $pdata$_ctrlfp$filt$0      000000018001bf48     libucrt:fpctrl.obj
 0004:00000f54       $pdata$_IsNonwritableInCurrentImage$filt$0 000000018001bf54     LIBCMT:pesect.obj
 0005:00000060       $R000000                   000000018001c060     * linker generated manifest res *

 Exports

  ordinal    name

        1    _register_addon_
